
────────────────────────────────────────────────────────────
  METRIC_monthly_ET_2026-05_P156_R033
  Sana: 2026-05-01  →  2026-05-31
  Albedo: avg3  |  Scale: 30m
────────────────────────────────────────────────────────────
  Bbox: lon=[64.56, 67.13]  lat=[37.90, 39.90]
  WRS filter: Path=156 Row=33
Topilgan tasvirlar: 2
    ⚠️  Cloud precheck FAIL: 44.2% (cropland, limit=20%) → skip
  2026-05-07: 2368969 pixels — cloud precheck fail → skip
    ✅ Cloud precheck OK: 11.7% (cropland, limit=20%)
  2026-05-15: 2405965 pixels ✅

  --- 2026-05-15 ---
  ┌─ BAND DIAGNOSTIKA ─────────────────────────────────────────
    [Landsat SR (surface reflectance, 0-1)]
      B_BLUE                min=   0.0010  mean=   0.1044  max=   0.5023
      B_GREEN               min=   0.0367  mean=   0.1554  max=   0.6391
      B_RED                 min=   0.0010  mean=   0.1908  max=   0.6993
      B_NIR                 min=   0.0010  mean=   0.3008  max=   0.8204
      B_SWIR1               min=   0.0123  mean=   0.3201  max=   1.0000
      B_SWIR2               min=   0.0132  mean=   0.2684  max=   1.0000
    [Landsat Ts raw (K, birinchi qadam)]
      B_THERMAL             min= 269.8509  mean= 319.8709  max= 335.4222
    [Vegetation: NDVI (-1..1)]
      NDVI                  min=  -0.9732  mean=   0.2302  max=   0.8649
    [Vegetation: SAVI]
      SAVI                  min=  -0.4841  mean=   0.2090  max=   0.8173
    [Vegetation: LAI (m²/m²)]
      LAI                   min=   0.0000  mean=   0.2195  max=   6.0000
    [Albedo (0..0.4)]
      albedo                min=   0.0157  mean=   0.2084  max=   0.6608
    [Ts — actual (K)]
      Ts                    min= 269.8509  mean= 319.8709  max= 335.4222
    [TsDEM — lapse corrected (K)]
      TsDEM                 min= 270.0360  mean= 320.8514  max= 336.0777
    [Emissivity e0 (0.95..0.99)]
      e0                    min=   0.9500  mean=   0.9522  max=   0.9850
    [Rn — net radiation (W/m²)]
      Rn                    min=-177.1975  mean=  46.0072  max= 456.2807
    [G  — soil heat flux (W/m²)]
      G                     min= -64.5466  mean=  10.4969  max=  95.0769
    [u200 — wind 200m (m/s)]
      u200                  min=   2.0000  mean=   2.8238  max=   6.0804
    [zom  — roughness (m)]
      zom                   min=   0.0050  mean=   0.0072  max=   0.1080
    [u*   — friction vel (m/s)]
      u_star                min=   0.0774  mean=   0.1059  max=   0.2851
    [rah  — aero resist (s/m) ← KEY!]
      rah                   min=  25.6256  mean=  74.9149  max=  94.4220
    [rho  — air density (kg/m³)]
      rho_air               min=   0.9527  mean=   1.0460  max=   1.2492
    [ERA5 hourly — o'rtacha]
      T2m (K)                 304.0110
      Td  (K)                 277.1871
      WS10 (m/s)              1.7483
      P (kPa)                 94.2724
      ea (kPa)                0.8261
  └────────────────────────────────────────────────────────────
  P₆₀=1330.6 mm  ETr₆₀=486.8 mm
  Cold LC: [40]   Hot LC: [60, 50]
  F.7 α_limit=0.1846  (β=63.8°)
  F.8 Tfac=0.00 K  (P₆₀=1330.6 mm  ETr₆₀=486.8 mm  P/ETr=2.733)
  L1-CIMEC: cold=194  hot=920
  ✅ Anchor tanlandi: L1-CIMEC
  Anchor plan: L1-CIMEC
  Cold: Ts=303.39 K  NDVI=0.704
  Hot:  Ts_phys=329.69 K  Tfac=0.00 K  Ts_corr=329.69 K  NDVI=0.101
  F.4a ETrFcold = 1.54×0.704 - 0.10 = 0.984
  F.5/F.6 fc=0.000  ETrFhot=0.050  (NDVIhot=0.101  ETrFbare=0.05)
  Cold anchor: Rn=85.0  G=10.7  rah=74.8  rho=1.0979
  Hot  anchor: Rn=-1.3  G=-0.1  rah=75.6  rho=1.0294
  LE_cold=237.0  H_cold=-162.7 W/m²
  LE_hot=11.7   H_hot=-13.0 W/m²
    Iter  1: dT_hot=-1.8368 K  rah_hot=146.139 s/m  a=1.57024  b=-519.524
    Iter  2: dT_hot=-2.5572 K  rah_hot=203.452 s/m  a=1.54285  b=-511.215
    Iter  3: dT_hot=-2.9807 K  rah_hot=237.145 s/m  a=1.52675  b=-506.330
    Iter  4: dT_hot=-3.1069 K  rah_hot=247.193 s/m  a=1.52195  b=-504.873
    Iter  5: dT_hot=-3.1419 K  rah_hot=249.977 s/m  a=1.52062  b=-504.470
    Iter  6: dT_hot=-3.1518 K  rah_hot=250.758 s/m  a=1.52025  b=-504.357
    Iter  7: dT_hot=-3.1545 K  rah_hot=250.980 s/m  a=1.52014  b=-504.324
    Iter  8: dT_hot=-3.1553 K  rah_hot=251.043 s/m  a=1.52011  b=-504.315
    ✅ Converged at iter 8
    a=0.3834 b=-127.34
    Rn=46 G=10 H=-34 W/m²
    LE=70 W/m²  ETr≈0.357 ETo≈0.265 mm/hr
    ETrF(tile mean)=0.321
    Crad(tile mean)=0.994

  ETrF nuqtalar: 1 ta  |  interpolatsiya: article
    May 15 → ETrF=0.321  Crad=0.994
  2026-05-01  ETrF=0.320  ETr=4.89  Crad=0.994  ET=1.56 mm  
  2026-05-02  ETrF=0.320  ETr=4.45  Crad=0.994  ET=1.42 mm  
  2026-05-03  ETrF=0.320  ETr=4.74  Crad=0.994  ET=1.51 mm  
  2026-05-04  ETrF=0.320  ETr=4.41  Crad=0.994  ET=1.40 mm  
  2026-05-05  ETrF=0.320  ETr=7.21  Crad=0.994  ET=2.30 mm  
  2026-05-06  ETrF=0.320  ETr=8.72  Crad=0.994  ET=2.78 mm  
  2026-05-07  ETrF=0.320  ETr=8.31  Crad=0.994  ET=2.65 mm  
  2026-05-08  ETrF=0.320  ETr=7.27  Crad=0.994  ET=2.32 mm  
  2026-05-09  ETrF=0.320  ETr=8.85  Crad=0.994  ET=2.82 mm  
  2026-05-10  ETrF=0.320  ETr=4.64  Crad=0.994  ET=1.48 mm  
  2026-05-11  ETrF=0.320  ETr=7.37  Crad=0.994  ET=2.35 mm  
  2026-05-12  ETrF=0.320  ETr=8.14  Crad=0.994  ET=2.59 mm  
  2026-05-13  ETrF=0.320  ETr=7.85  Crad=0.994  ET=2.50 mm  
  2026-05-14  ETrF=0.320  ETr=8.05  Crad=0.994  ET=2.56 mm  
  2026-05-15  ETrF=0.320  ETr=5.93  Crad=0.994  ET=1.89 mm  ◄
  2026-05-16  ETrF=0.320  ETr=8.16  Crad=0.994  ET=2.60 mm  
  2026-05-17  ETrF=0.320  ETr=11.73  Crad=0.994  ET=3.74 mm  
  2026-05-18  ETrF=0.320  ETr=4.72  Crad=0.994  ET=1.50 mm  
  2026-05-19  ETrF=0.320  ETr=5.40  Crad=0.994  ET=1.72 mm  
  2026-05-20  ETrF=0.320  ETr=8.56  Crad=0.994  ET=2.73 mm  
  2026-05-21  ETrF=0.320  ETr=4.44  Crad=0.994  ET=1.41 mm  
  2026-05-22  ETrF=0.320  ETr=4.38  Crad=0.994  ET=1.39 mm  
  2026-05-23  ETrF=0.320  ETr=3.54  Crad=0.994  ET=1.13 mm  
  2026-05-24  ETrF=0.320  ETr=4.30  Crad=0.994  ET=1.37 mm  
  2026-05-25  ETrF=0.320  ETr=7.40  Crad=0.994  ET=2.36 mm  
  2026-05-26  ETrF=0.320  ETr=6.72  Crad=0.994  ET=2.14 mm  
  2026-05-27  ETrF=0.320  ETr=6.21  Crad=0.994  ET=1.98 mm  
  2026-05-28  ETrF=0.320  ETr=7.52  Crad=0.994  ET=2.40 mm  
  2026-05-29  ETrF=0.320  ETr=8.94  Crad=0.994  ET=2.85 mm  
  2026-05-30  ETrF=0.320  ETr=10.62  Crad=0.994  ET=3.38 mm  
  2026-05-31  ETrF=0.320  ETr=8.46  Crad=0.994  ET=2.70 mm  

  ET oylik mean=69.0 mm  (interpolatsiya: article)

  ✅  ET=69.0 mm  |  1 tasvir  |  7.2 daq
  Lokal: D:\Cloud_comp\METRC\metric_gee_v2.1\outputs\2026-05_P156_R033
  📤 Drive: METRIC_Qashqadaryo_2026/METRIC_monthly_ET_2026-05_P156_R033  [READY]
