
────────────────────────────────────────────────────────────
  METRIC_monthly_ET_2026-04_P156_R033
  Sana: 2026-04-01  →  2026-04-30
  Albedo: avg3  |  Scale: 30m
────────────────────────────────────────────────────────────
  Bbox: lon=[64.56, 67.13]  lat=[37.90, 39.90]
  WRS filter: Path=156 Row=33
Topilgan tasvirlar: 2
    ✅ Cloud precheck OK: 0.2% (cropland, limit=20%)
  2026-04-13: 2406054 pixels ✅
    ✅ Cloud precheck OK: 16.2% (cropland, limit=20%)
  2026-04-29: 2366237 pixels ✅

  --- 2026-04-13 ---
  ┌─ BAND DIAGNOSTIKA ─────────────────────────────────────────
    [Landsat SR (surface reflectance, 0-1)]
      B_BLUE                min=   0.0010  mean=   0.0795  max=   0.4642
      B_GREEN               min=   0.0179  mean=   0.1284  max=   0.5401
      B_RED                 min=   0.0010  mean=   0.1436  max=   0.6211
      B_NIR                 min=   0.0010  mean=   0.3171  max=   0.7344
      B_SWIR1               min=   0.0010  mean=   0.2728  max=   1.0000
      B_SWIR2               min=   0.0018  mean=   0.2152  max=   1.0000
    [Landsat Ts raw (K, birinchi qadam)]
      B_THERMAL             min= 284.6270  mean= 308.5873  max= 322.5465
    [Vegetation: NDVI (-1..1)]
      NDVI                  min=  -0.9610  mean=   0.3831  max=   0.9202
    [Vegetation: SAVI]
      SAVI                  min=  -0.5794  mean=   0.3450  max=   0.8654
    [Vegetation: LAI (m²/m²)]
      LAI                   min=   0.0000  mean=   0.8427  max=   6.0000
    [Albedo (0..0.4)]
      albedo                min=   0.0125  mean=   0.1915  max=   0.5950
    [Ts — actual (K)]
      Ts                    min= 284.6270  mean= 308.5873  max= 322.5465
    [TsDEM — lapse corrected (K)]
      TsDEM                 min= 286.3649  mean= 309.5985  max= 324.4469
    [Emissivity e0 (0.95..0.99)]
      e0                    min=   0.9500  mean=   0.9575  max=   0.9850
    [Rn — net radiation (W/m²)]
      Rn                    min=-108.2887  mean=  38.3350  max= 445.5575
    [G  — soil heat flux (W/m²)]
      G                     min= -45.0800  mean=   6.3440  max=  82.2402
    [u200 — wind 200m (m/s)]
      u200                  min=   2.0000  mean=   2.7417  max=   5.6058
    [zom  — roughness (m)]
      zom                   min=   0.0050  mean=   0.0167  max=   0.1579
    [u*   — friction vel (m/s)]
      u_star                min=   0.0774  mean=   0.1174  max=   0.2525
    [rah  — aero resist (s/m) ← KEY!]
      rah                   min=  28.9342  mean=  65.3302  max=  94.4220
    [rho  — air density (kg/m³)]
      rho_air               min=   0.9806  mean=   1.0846  max=   1.1899
    [ERA5 hourly — o'rtacha]
      T2m (K)                 296.0748
      Td  (K)                 280.7344
      WS10 (m/s)              1.6801
      P (kPa)                 95.1138
      ea (kPa)                1.0514
  └────────────────────────────────────────────────────────────
  P₆₀=1844.5 mm  ETr₆₀=301.6 mm
  Cold LC: [40]   Hot LC: [60, 50]
  F.7 α_limit=0.1906  (β=55.0°)
  F.8 Tfac=0.00 K  (P₆₀=1844.5 mm  ETr₆₀=301.6 mm  P/ETr=6.115)
  L1-CIMEC: cold=1427  hot=411
  ✅ Anchor tanlandi: L1-CIMEC
  Anchor plan: L1-CIMEC
  Cold: Ts=299.35 K  NDVI=0.880
  Hot:  Ts_phys=320.93 K  Tfac=0.00 K  Ts_corr=320.93 K  NDVI=0.118
  F.4b ETrFcold = 1.05  (NDVI₁=0.880 ≥ 0.75)
  F.5/F.6 fc=0.000  ETrFhot=0.050  (NDVIhot=0.118  ETrFbare=0.05)
  Cold anchor: Rn=52.2  G=3.7  rah=63.8  rho=1.1113
  Hot  anchor: Rn=12.4  G=3.0  rah=58.0  rho=1.0651
  LE_cold=172.7  H_cold=-124.2 W/m²
  LE_hot=8.1   H_hot=1.3 W/m²
    Iter  1: dT_hot=0.0608 K  rah_hot=48.407 s/m  a=1.32700  b=-425.808
    Iter  2: dT_hot=0.0647 K  rah_hot=51.512 s/m  a=1.34797  b=-432.532
    Iter  3: dT_hot=0.0648 K  rah_hot=51.631 s/m  a=1.34797  b=-432.535
    Iter  4: dT_hot=0.0648 K  rah_hot=51.634 s/m  a=1.34797  b=-432.535
    ✅ Converged at iter 4
    a=0.3324 b=-106.60
    Rn=38 G=6 H=-31 W/m²
    LE=63 W/m²  ETr≈0.243 ETo≈0.182 mm/hr
    ETrF(tile mean)=0.409
    Crad(tile mean)=0.992

  --- 2026-04-29 ---
  ┌─ BAND DIAGNOSTIKA ─────────────────────────────────────────
    [Landsat SR (surface reflectance, 0-1)]
      B_BLUE                min=   0.0010  mean=   0.0915  max=   0.4738
      B_GREEN               min=   0.0010  mean=   0.1414  max=   0.5548
      B_RED                 min=   0.0010  mean=   0.1656  max=   0.6109
      B_NIR                 min=   0.0010  mean=   0.3141  max=   0.6841
      B_SWIR1               min=   0.0100  mean=   0.2895  max=   0.9073
      B_SWIR2               min=   0.0108  mean=   0.2331  max=   0.9266
    [Landsat Ts raw (K, birinchi qadam)]
      B_THERMAL             min= 260.9402  mean= 313.2150  max= 329.2903
    [Vegetation: NDVI (-1..1)]
      NDVI                  min=  -0.8801  mean=   0.3176  max=   0.9871
    [Vegetation: SAVI]
      SAVI                  min=  -0.3011  mean=   0.2868  max=   0.8446
    [Vegetation: LAI (m²/m²)]
      LAI                   min=   0.0000  mean=   0.5591  max=   6.0000
    [Albedo (0..0.4)]
      albedo                min=   0.0138  mean=   0.1999  max=   0.5611
    [Ts — actual (K)]
      Ts                    min= 260.9402  mean= 313.2150  max= 329.2903
    [TsDEM — lapse corrected (K)]
      TsDEM                 min= 259.3629  mean= 314.2100  max= 330.1565
    [Emissivity e0 (0.95..0.99)]
      e0                    min=   0.9500  mean=   0.9552  max=   0.9850
    [Rn — net radiation (W/m²)]
      Rn                    min=-153.2602  mean=  54.2683  max= 459.0542
    [G  — soil heat flux (W/m²)]
      G                     min= -46.9811  mean=  10.5212  max=  72.7951
    [u200 — wind 200m (m/s)]
      u200                  min=   2.0000  mean=   2.9633  max=   6.1255
    [zom  — roughness (m)]
      zom                   min=   0.0050  mean=   0.0123  max=   0.1120
    [u*   — friction vel (m/s)]
      u_star                min=   0.0774  mean=   0.1192  max=   0.3121
    [rah  — aero resist (s/m) ← KEY!]
      rah                   min=  23.4128  mean=  69.6558  max=  94.4220
    [rho  — air density (kg/m³)]
      rho_air               min=   0.9740  mean=   1.0685  max=   1.2884
    [ERA5 hourly — o'rtacha]
      T2m (K)                 299.4149
      Td  (K)                 283.8801
      WS10 (m/s)              1.8169
      P (kPa)                 95.0883
      ea (kPa)                1.2974
  └────────────────────────────────────────────────────────────
  P₆₀=1868.8 mm  ETr₆₀=365.7 mm
  Cold LC: [40]   Hot LC: [60, 50]
  F.7 α_limit=0.1868  (β=60.0°)
  F.8 Tfac=0.00 K  (P₆₀=1868.8 mm  ETr₆₀=365.7 mm  P/ETr=5.111)
  L1-CIMEC: cold=267  hot=256
  ✅ Anchor tanlandi: L1-CIMEC
  Anchor plan: L1-CIMEC
  Cold: Ts=302.30 K  NDVI=0.826
  Hot:  Ts_phys=323.99 K  Tfac=0.00 K  Ts_corr=323.99 K  NDVI=0.104
  F.4b ETrFcold = 1.05  (NDVI₁=0.826 ≥ 0.75)
  F.5/F.6 fc=0.000  ETrFhot=0.050  (NDVIhot=0.104  ETrFbare=0.05)
  Cold anchor: Rn=74.1  G=6.7  rah=69.0  rho=1.0987
  Hot  anchor: Rn=31.2  G=8.9  rah=84.0  rho=1.0488
  LE_cold=204.3  H_cold=-136.9 W/m²
  LE_hot=9.5   H_hot=12.8 W/m²
    Iter  1: dT_hot=0.3948 K  rah_hot=32.589 s/m  a=1.45319  b=-470.430
    Iter  2: dT_hot=0.6106 K  rah_hot=50.401 s/m  a=1.50228  b=-486.120
    Iter  3: dT_hot=0.5385 K  rah_hot=44.449 s/m  a=1.49896  b=-485.115
    Iter  4: dT_hot=0.5614 K  rah_hot=46.337 s/m  a=1.50001  b=-485.434
    Iter  5: dT_hot=0.5541 K  rah_hot=45.734 s/m  a=1.49968  b=-485.332
    Iter  6: dT_hot=0.5564 K  rah_hot=45.926 s/m  a=1.49978  b=-485.365
    Iter  7: dT_hot=0.5557 K  rah_hot=45.865 s/m  a=1.49975  b=-485.354
    ✅ Converged at iter 7
    a=0.4418 b=-142.11
    Rn=54 G=11 H=-35 W/m²
    LE=79 W/m²  ETr≈0.288 ETo≈0.218 mm/hr
    ETrF(tile mean)=0.439
    Crad(tile mean)=0.993

  ETrF nuqtalar: 2 ta  |  interpolatsiya: article
    Apr 13 → ETrF=0.409  Crad=0.992
    Apr 29 → ETrF=0.439  Crad=0.993
  2026-04-01  ETrF=0.408  ETr=3.83  Crad=0.992  ET=1.55 mm  
  2026-04-02  ETrF=0.408  ETr=2.65  Crad=0.992  ET=1.07 mm  
  2026-04-03  ETrF=0.408  ETr=1.32  Crad=0.992  ET=0.53 mm  
  2026-04-04  ETrF=0.408  ETr=3.78  Crad=0.992  ET=1.53 mm  
  2026-04-05  ETrF=0.408  ETr=4.49  Crad=0.992  ET=1.82 mm  
  2026-04-06  ETrF=0.408  ETr=2.72  Crad=0.992  ET=1.10 mm  
  2026-04-07  ETrF=0.408  ETr=1.49  Crad=0.992  ET=0.60 mm  
  2026-04-08  ETrF=0.408  ETr=3.36  Crad=0.992  ET=1.36 mm  
  2026-04-09  ETrF=0.408  ETr=4.37  Crad=0.992  ET=1.77 mm  
  2026-04-10  ETrF=0.408  ETr=4.00  Crad=0.992  ET=1.62 mm  
  2026-04-11  ETrF=0.408  ETr=4.06  Crad=0.992  ET=1.64 mm  
  2026-04-12  ETrF=0.408  ETr=4.96  Crad=0.992  ET=2.01 mm  
  2026-04-13  ETrF=0.408  ETr=5.58  Crad=0.992  ET=2.26 mm  ◄
  2026-04-14  ETrF=0.417  ETr=4.56  Crad=0.992  ET=1.89 mm  
  2026-04-15  ETrF=0.417  ETr=4.02  Crad=0.992  ET=1.66 mm  
  2026-04-16  ETrF=0.417  ETr=4.13  Crad=0.992  ET=1.71 mm  
  2026-04-17  ETrF=0.417  ETr=3.71  Crad=0.992  ET=1.54 mm  
  2026-04-18  ETrF=0.417  ETr=3.96  Crad=0.992  ET=1.64 mm  
  2026-04-19  ETrF=0.417  ETr=5.66  Crad=0.992  ET=2.34 mm  
  2026-04-20  ETrF=0.417  ETr=8.71  Crad=0.992  ET=3.60 mm  
  2026-04-21  ETrF=0.417  ETr=6.67  Crad=0.992  ET=2.76 mm  
  2026-04-22  ETrF=0.417  ETr=2.83  Crad=0.993  ET=1.18 mm  
  2026-04-23  ETrF=0.417  ETr=3.74  Crad=0.993  ET=1.55 mm  
  2026-04-24  ETrF=0.417  ETr=6.10  Crad=0.993  ET=2.53 mm  
  2026-04-25  ETrF=0.417  ETr=8.02  Crad=0.993  ET=3.32 mm  
  2026-04-26  ETrF=0.417  ETr=6.98  Crad=0.993  ET=2.89 mm  
  2026-04-27  ETrF=0.417  ETr=7.18  Crad=0.993  ET=2.98 mm  
  2026-04-28  ETrF=0.417  ETr=7.17  Crad=0.993  ET=2.97 mm  
  2026-04-29  ETrF=0.426  ETr=6.04  Crad=0.993  ET=2.56 mm  ◄
  2026-04-30  ETrF=0.426  ETr=6.83  Crad=0.993  ET=2.89 mm  

  ET oylik mean=59.8 mm  (interpolatsiya: article)

  ✅  ET=59.8 mm  |  2 tasvir  |  12.1 daq
  Lokal: D:\Cloud_comp\METRC\metric_gee_v2.1\outputs\2026-04_P156_R033
  📤 Drive: METRIC_Qashqadaryo_2026/METRIC_monthly_ET_2026-04_P156_R033  [READY]
