
────────────────────────────────────────────────────────────
  METRIC_monthly_ET_2026-05_P153_R032
  Sana: 2026-05-01  →  2026-05-31
  Albedo: avg3  |  Scale: 30m
────────────────────────────────────────────────────────────
  Bbox: lon=[69.65, 72.24]  lat=[39.33, 41.33]
  WRS filter: Path=153 Row=32
Topilgan tasvirlar: 1
    ✅ Cloud precheck OK: 1.0% (cropland, limit=20%)
  2026-05-26: 2377099 pixels ✅

  --- 2026-05-26 ---
  ┌─ BAND DIAGNOSTIKA ─────────────────────────────────────────
    [Landsat SR (surface reflectance, 0-1)]
      B_BLUE                min=   0.0010  mean=   0.0798  max=   1.0000
      B_GREEN               min=   0.0010  mean=   0.1198  max=   1.0000
      B_RED                 min=   0.0010  mean=   0.1331  max=   1.0000
      B_NIR                 min=   0.0010  mean=   0.2487  max=   1.0000
      B_SWIR1               min=   0.0010  mean=   0.2208  max=   1.0000
      B_SWIR2               min=   0.0020  mean=   0.1719  max=   1.0000
    [Landsat Ts raw (K, birinchi qadam)]
      B_THERMAL             min= 260.0275  mean= 304.8714  max= 331.0335
    [Vegetation: NDVI (-1..1)]
      NDVI                  min=  -0.9748  mean=   0.3029  max=   0.9937
    [Vegetation: SAVI]
      SAVI                  min=  -0.5714  mean=   0.2658  max=   0.8630
    [Vegetation: LAI (m²/m²)]
      LAI                   min=   0.0000  mean=   0.4936  max=   6.0000
    [Albedo (0..0.4)]
      albedo                min=   0.0111  mean=   0.1610  max=   0.8283
    [Ts — actual (K)]
      Ts                    min= 260.0275  mean= 304.8714  max= 331.0335
    [TsDEM — lapse corrected (K)]
      TsDEM                 min= 237.9809  mean= 307.0743  max= 338.1498
    [Emissivity e0 (0.95..0.99)]
      e0                    min=   0.9500  mean=   0.9558  max=   0.9850
    [Rn — net radiation (W/m²)]
      Rn                    min=-155.1309  mean=   4.4561  max= 639.5327
    [G  — soil heat flux (W/m²)]
      G                     min= -47.1204  mean=  -0.8820  max= 301.0814
    [u200 — wind 200m (m/s)]
      u200                  min=   2.0000  mean=   2.8454  max=   7.2304
    [zom  — roughness (m)]
      zom                   min=   0.0050  mean=   0.0145  max=   0.2430
    [u*   — friction vel (m/s)]
      u_star                min=   0.0774  mean=   0.1253  max=   0.3775
    [rah  — aero resist (s/m) ← KEY!]
      rah                   min=  19.3546  mean=  64.4946  max=  94.4220
    [rho  — air density (kg/m³)]
      rho_air               min=   0.6787  mean=   1.0044  max=   1.1965
    [ERA5 hourly — o'rtacha]
      T2m (K)                 291.6034
      Td  (K)                 279.1168
      WS10 (m/s)              1.8015
      P (kPa)                 85.4498
      ea (kPa)                0.9751
  └────────────────────────────────────────────────────────────
  P₆₀=2356.8 mm  ETr₆₀=398.9 mm
  Cold LC: [40]   Hot LC: [60, 50]
  F.7 α_limit=0.1841  (β=64.7°)
  F.8 Tfac=0.00 K  (P₆₀=2356.8 mm  ETr₆₀=398.9 mm  P/ETr=5.908)
  L1-CIMEC: cold=86  hot=801
  ✅ Anchor tanlandi: L1-CIMEC
  Anchor plan: L1-CIMEC
  Cold: Ts=300.56 K  NDVI=0.775
  Hot:  Ts_phys=325.34 K  Tfac=0.00 K  Ts_corr=325.34 K  NDVI=0.072
  F.4b ETrFcold = 1.05  (NDVI₁=0.775 ≥ 0.75)
  F.5/F.6 fc=0.000  ETrFhot=0.050  (NDVIhot=0.072  ETrFbare=0.05)
  Cold anchor: Rn=10.2  G=-0.2  rah=54.4  rho=1.0194
  Hot  anchor: Rn=-27.8  G=-7.0  rah=59.0  rho=1.0048
  LE_cold=122.1  H_cold=-111.7 W/m²
  LE_hot=5.7   H_hot=-26.5 W/m²
    Iter  1: dT_hot=-2.9189 K  rah_hot=111.134 s/m  a=0.85710  b=-281.763
    Iter  2: dT_hot=-3.9127 K  rah_hot=148.974 s/m  a=0.87348  b=-288.087
    Iter  3: dT_hot=-4.7366 K  rah_hot=180.342 s/m  a=0.84022  b=-278.091
    Iter  4: dT_hot=-5.4639 K  rah_hot=208.036 s/m  a=0.81086  b=-269.266
    Iter  5: dT_hot=-5.6566 K  rah_hot=215.370 s/m  a=0.80308  b=-266.928
    Iter  6: dT_hot=-5.6773 K  rah_hot=216.160 s/m  a=0.80225  b=-266.677
    Iter  7: dT_hot=-5.6797 K  rah_hot=216.250 s/m  a=0.80215  b=-266.648
    ✅ Converged at iter 7
    a=0.1771 b=-59.18
    Rn=4 G=-1 H=4 W/m²
    LE=1 W/m²  ETr≈0.172 ETo≈0.120 mm/hr
    ETrF(tile mean)=0.195
    Crad(tile mean)=1.017

  ETrF nuqtalar: 1 ta  |  interpolatsiya: article
    May 26 → ETrF=0.195  Crad=1.017
  2026-05-01  ETrF=0.173  ETr=4.16  Crad=1.017  ET=0.73 mm  
  2026-05-02  ETrF=0.173  ETr=3.34  Crad=1.017  ET=0.59 mm  
  2026-05-03  ETrF=0.173  ETr=2.97  Crad=1.017  ET=0.52 mm  
  2026-05-04  ETrF=0.173  ETr=3.48  Crad=1.017  ET=0.61 mm  
  2026-05-05  ETrF=0.173  ETr=4.37  Crad=1.017  ET=0.77 mm  
  2026-05-06  ETrF=0.173  ETr=5.54  Crad=1.017  ET=0.97 mm  
  2026-05-07  ETrF=0.173  ETr=5.52  Crad=1.017  ET=0.97 mm  
  2026-05-08  ETrF=0.173  ETr=5.37  Crad=1.017  ET=0.94 mm  
  2026-05-09  ETrF=0.173  ETr=4.87  Crad=1.017  ET=0.86 mm  
  2026-05-10  ETrF=0.173  ETr=2.65  Crad=1.017  ET=0.47 mm  
  2026-05-11  ETrF=0.173  ETr=4.28  Crad=1.017  ET=0.75 mm  
  2026-05-12  ETrF=0.173  ETr=4.16  Crad=1.017  ET=0.73 mm  
  2026-05-13  ETrF=0.173  ETr=5.20  Crad=1.017  ET=0.91 mm  
  2026-05-14  ETrF=0.173  ETr=5.41  Crad=1.017  ET=0.95 mm  
  2026-05-15  ETrF=0.173  ETr=6.10  Crad=1.017  ET=1.07 mm  
  2026-05-16  ETrF=0.173  ETr=4.90  Crad=1.017  ET=0.86 mm  
  2026-05-17  ETrF=0.173  ETr=6.45  Crad=1.017  ET=1.14 mm  
  2026-05-18  ETrF=0.173  ETr=4.25  Crad=1.017  ET=0.75 mm  
  2026-05-19  ETrF=0.173  ETr=4.31  Crad=1.017  ET=0.76 mm  
  2026-05-20  ETrF=0.173  ETr=5.43  Crad=1.017  ET=0.95 mm  
  2026-05-21  ETrF=0.173  ETr=3.34  Crad=1.017  ET=0.59 mm  
  2026-05-22  ETrF=0.173  ETr=3.78  Crad=1.017  ET=0.66 mm  
  2026-05-23  ETrF=0.173  ETr=4.22  Crad=1.017  ET=0.74 mm  
  2026-05-24  ETrF=0.173  ETr=3.30  Crad=1.017  ET=0.58 mm  
  2026-05-25  ETrF=0.173  ETr=4.44  Crad=1.017  ET=0.78 mm  
  2026-05-26  ETrF=0.173  ETr=4.82  Crad=1.017  ET=0.85 mm  ◄
  2026-05-27  ETrF=0.173  ETr=4.35  Crad=1.017  ET=0.77 mm  
  2026-05-28  ETrF=0.173  ETr=4.74  Crad=1.017  ET=0.83 mm  
  2026-05-29  ETrF=0.173  ETr=5.28  Crad=1.017  ET=0.93 mm  
  2026-05-30  ETrF=0.173  ETr=6.29  Crad=1.017  ET=1.11 mm  
  2026-05-31  ETrF=0.173  ETr=6.36  Crad=1.017  ET=1.12 mm  

  ET oylik mean=10.5 mm  (interpolatsiya: article)

  ✅  ET=10.5 mm  |  1 tasvir  |  8.0 daq
  Lokal: D:\Cloud_comp\METRC\metric_gee_v2.1\outputs\2026-05_P153_R032
  📤 Drive: METRIC_Fargona_2026/METRIC_monthly_ET_2026-05_P153_R032  [READY]
