
────────────────────────────────────────────────────────────
  METRIC_monthly_ET_2026-04_P155_R033
  Sana: 2026-04-01  →  2026-04-30
  Albedo: avg3  |  Scale: 30m
────────────────────────────────────────────────────────────
  Bbox: lon=[64.95, 67.48]  lat=[37.90, 39.90]
  WRS filter: Path=155 Row=33
Topilgan tasvirlar: 1
    ✅ Cloud precheck OK: 9.1% (cropland, limit=20%)
  2026-04-14: 2435017 pixels ✅

  --- 2026-04-14 ---
  ┌─ BAND DIAGNOSTIKA ─────────────────────────────────────────
    [Landsat SR (surface reflectance, 0-1)]
      B_BLUE                min=   0.0010  mean=   0.0712  max=   0.8503
      B_GREEN               min=   0.0010  mean=   0.1202  max=   0.9217
      B_RED                 min=   0.0010  mean=   0.1220  max=   0.9881
      B_NIR                 min=   0.0010  mean=   0.3436  max=   1.0000
      B_SWIR1               min=   0.0050  mean=   0.2546  max=   1.0000
      B_SWIR2               min=   0.0056  mean=   0.1839  max=   1.0000
    [Landsat Ts raw (K, birinchi qadam)]
      B_THERMAL             min= 258.5886  mean= 303.5569  max= 321.2374
    [Vegetation: NDVI (-1..1)]
      NDVI                  min=  -0.9622  mean=   0.4779  max=   0.9942
    [Vegetation: SAVI]
      SAVI                  min=  -0.3876  mean=   0.4304  max=   0.8591
    [Vegetation: LAI (m²/m²)]
      LAI                   min=   0.0000  mean=   1.2330  max=   6.0000
    [Albedo (0..0.4)]
      albedo                min=   0.0138  mean=   0.1901  max=   0.8443
    [Ts — actual (K)]
      Ts                    min= 258.5886  mean= 303.5569  max= 321.2374
    [TsDEM — lapse corrected (K)]
      TsDEM                 min= 252.3338  mean= 303.5180  max= 323.8682
    [Emissivity e0 (0.95..0.99)]
      e0                    min=   0.9500  mean=   0.9615  max=   0.9850
    [Rn — net radiation (W/m²)]
      Rn                    min=-110.4310  mean=  60.1561  max= 702.6129
    [G  — soil heat flux (W/m²)]
      G                     min= -31.8397  mean=   7.8820  max= 100.0657
    [u200 — wind 200m (m/s)]
      u200                  min=   2.0000  mean=   2.4644  max=   6.0451
    [zom  — roughness (m)]
      zom                   min=   0.0050  mean=   0.0247  max=   0.2111
    [u*   — friction vel (m/s)]
      u_star                min=   0.0774  mean=   0.0970  max=   0.2326
    [rah  — aero resist (s/m) ← KEY!]
      rah                   min=  31.4092  mean=  77.3797  max=  94.4220
    [rho  — air density (kg/m³)]
      rho_air               min=   0.8590  mean=   1.0543  max=   1.2583
    [ERA5 hourly — o'rtacha]
      T2m (K)                 296.8599
      Td  (K)                 278.8730
      WS10 (m/s)              1.4322
      P (kPa)                 92.6136
      ea (kPa)                0.9528
  └────────────────────────────────────────────────────────────
  P₆₀=2071.1 mm  ETr₆₀=292.4 mm
  Cold LC: [40]   Hot LC: [60, 50]
  F.7 α_limit=0.1903  (β=55.3°)
  F.8 Tfac=0.00 K  (P₆₀=2071.1 mm  ETr₆₀=292.4 mm  P/ETr=7.083)
  L1-CIMEC: cold=451  hot=108
  ✅ Anchor tanlandi: L1-CIMEC
  Anchor plan: L1-CIMEC
  Cold: Ts=297.25 K  NDVI=0.847
  Hot:  Ts_phys=314.13 K  Tfac=0.00 K  Ts_corr=314.13 K  NDVI=0.149
  F.4b ETrFcold = 1.05  (NDVI₁=0.847 ≥ 0.75)
  F.5/F.6 fc=0.000  ETrFhot=0.050  (NDVIhot=0.149  ETrFbare=0.05)
  Cold anchor: Rn=68.1  G=5.6  rah=72.4  rho=1.0861
  Hot  anchor: Rn=32.8  G=6.3  rah=92.8  rho=1.0696
  LE_cold=172.5  H_cold=-110.0 W/m²
  LE_hot=8.1   H_hot=18.4 W/m²
    Iter  1: dT_hot=0.4767 K  rah_hot=27.816 s/m  a=1.77527  b=-557.186
    Iter  2: dT_hot=1.0100 K  rah_hot=58.928 s/m  a=1.80687  b=-566.578
    Iter  3: dT_hot=0.7259 K  rah_hot=42.350 s/m  a=1.79003  b=-561.573
    Iter  4: dT_hot=0.8461 K  rah_hot=49.364 s/m  a=1.79715  b=-563.690
    Iter  5: dT_hot=0.7915 K  rah_hot=46.178 s/m  a=1.79392  b=-562.729
    Iter  6: dT_hot=0.8153 K  rah_hot=47.566 s/m  a=1.79533  b=-563.147
    Iter  7: dT_hot=0.8047 K  rah_hot=46.951 s/m  a=1.79470  b=-562.962
    Iter  8: dT_hot=0.8093 K  rah_hot=47.221 s/m  a=1.79498  b=-563.044
    Iter  9: dT_hot=0.8073 K  rah_hot=47.102 s/m  a=1.79486  b=-563.008
    Iter 10: dT_hot=0.8082 K  rah_hot=47.155 s/m  a=1.79491  b=-563.023
    ✅ Converged at iter 10
    a=0.5271 b=-164.00
    Rn=60 G=8 H=-35 W/m²
    LE=87 W/m²  ETr≈0.242 ETo≈0.186 mm/hr
    ETrF(tile mean)=0.536
    Crad(tile mean)=0.993

  ETrF nuqtalar: 1 ta  |  interpolatsiya: article
    Apr 14 → ETrF=0.536  Crad=0.993
  2026-04-01  ETrF=0.554  ETr=3.59  Crad=0.993  ET=1.97 mm  
  2026-04-02  ETrF=0.554  ETr=2.47  Crad=0.993  ET=1.36 mm  
  2026-04-03  ETrF=0.554  ETr=1.32  Crad=0.993  ET=0.73 mm  
  2026-04-04  ETrF=0.554  ETr=3.27  Crad=0.993  ET=1.80 mm  
  2026-04-05  ETrF=0.554  ETr=4.00  Crad=0.993  ET=2.20 mm  
  2026-04-06  ETrF=0.554  ETr=2.40  Crad=0.993  ET=1.32 mm  
  2026-04-07  ETrF=0.554  ETr=1.21  Crad=0.993  ET=0.67 mm  
  2026-04-08  ETrF=0.554  ETr=3.01  Crad=0.993  ET=1.66 mm  
  2026-04-09  ETrF=0.554  ETr=4.03  Crad=0.993  ET=2.22 mm  
  2026-04-10  ETrF=0.554  ETr=3.67  Crad=0.993  ET=2.02 mm  
  2026-04-11  ETrF=0.554  ETr=3.77  Crad=0.993  ET=2.07 mm  
  2026-04-12  ETrF=0.554  ETr=4.52  Crad=0.993  ET=2.48 mm  
  2026-04-13  ETrF=0.554  ETr=5.06  Crad=0.993  ET=2.78 mm  
  2026-04-14  ETrF=0.554  ETr=4.25  Crad=0.993  ET=2.34 mm  ◄
  2026-04-15  ETrF=0.554  ETr=3.40  Crad=0.993  ET=1.87 mm  
  2026-04-16  ETrF=0.554  ETr=3.51  Crad=0.993  ET=1.93 mm  
  2026-04-17  ETrF=0.554  ETr=3.39  Crad=0.993  ET=1.86 mm  
  2026-04-18  ETrF=0.554  ETr=3.60  Crad=0.993  ET=1.98 mm  
  2026-04-19  ETrF=0.554  ETr=4.89  Crad=0.993  ET=2.69 mm  
  2026-04-20  ETrF=0.554  ETr=7.29  Crad=0.993  ET=4.01 mm  
  2026-04-21  ETrF=0.554  ETr=5.62  Crad=0.993  ET=3.09 mm  
  2026-04-22  ETrF=0.554  ETr=2.56  Crad=0.993  ET=1.41 mm  
  2026-04-23  ETrF=0.554  ETr=3.44  Crad=0.993  ET=1.89 mm  
  2026-04-24  ETrF=0.554  ETr=5.55  Crad=0.993  ET=3.05 mm  
  2026-04-25  ETrF=0.554  ETr=6.93  Crad=0.993  ET=3.81 mm  
  2026-04-26  ETrF=0.554  ETr=5.87  Crad=0.993  ET=3.23 mm  
  2026-04-27  ETrF=0.554  ETr=5.97  Crad=0.993  ET=3.29 mm  
  2026-04-28  ETrF=0.554  ETr=5.85  Crad=0.993  ET=3.22 mm  
  2026-04-29  ETrF=0.554  ETr=5.17  Crad=0.993  ET=2.85 mm  
  2026-04-30  ETrF=0.554  ETr=5.69  Crad=0.993  ET=3.13 mm  

  ET oylik mean=65.7 mm  (interpolatsiya: article)

  ✅  ET=65.7 mm  |  1 tasvir  |  8.6 daq
  Lokal: D:\Cloud_comp\METRC\metric_gee_v2.1\outputs\2026-04_P155_R033
  📤 Drive: METRIC_Qashqadaryo_2026/METRIC_monthly_ET_2026-04_P155_R033  [READY]
