
────────────────────────────────────────────────────────────
  METRIC_monthly_ET_2026-03_P152_R032
  Sana: 2026-03-01  →  2026-03-31
  Albedo: avg3  |  Scale: 30m
────────────────────────────────────────────────────────────
  Bbox: lon=[70.72, 73.30]  lat=[39.33, 41.33]
  WRS filter: Path=152 Row=32
Topilgan tasvirlar: 2
    ⚠️  Cloud precheck FAIL: 42.3% (cropland, limit=20%) → skip
  2026-03-16: 3214538 pixels — cloud precheck fail → skip
    ✅ Cloud precheck OK: 1.3% (cropland, limit=20%)
  2026-03-24: 3172598 pixels ✅

  --- 2026-03-24 ---
  ┌─ BAND DIAGNOSTIKA ─────────────────────────────────────────
    [Landsat SR (surface reflectance, 0-1)]
      B_BLUE                min=   0.0010  mean=   0.1722  max=   1.0000
      B_GREEN               min=   0.0010  mean=   0.1974  max=   1.0000
      B_RED                 min=   0.0010  mean=   0.2068  max=   1.0000
      B_NIR                 min=   0.0010  mean=   0.2810  max=   1.0000
      B_SWIR1               min=   0.0010  mean=   0.1884  max=   1.0000
      B_SWIR2               min=   0.0010  mean=   0.1545  max=   1.0000
    [Landsat Ts raw (K, birinchi qadam)]
      B_THERMAL             min= 249.3872  mean= 293.5903  max= 312.9111
    [Vegetation: NDVI (-1..1)]
      NDVI                  min=  -0.9759  mean=   0.2416  max=   0.9913
    [Vegetation: SAVI]
      SAVI                  min=  -0.5587  mean=   0.2023  max=   0.8379
    [Vegetation: LAI (m²/m²)]
      LAI                   min=   0.0000  mean=   0.3088  max=   6.0000
    [Albedo (0..0.4)]
      albedo                min=   0.0099  mean=   0.2040  max=   0.9027
    [Ts — actual (K)]
      Ts                    min= 249.3872  mean= 293.5903  max= 312.9111
    [TsDEM — lapse corrected (K)]
      TsDEM                 min= 226.3345  mean= 295.9911  max= 317.7719
    [Emissivity e0 (0.95..0.99)]
      e0                    min=   0.9500  mean=   0.9577  max=   0.9850
    [Rn — net radiation (W/m²)]
      Rn                    min= -80.6049  mean= -32.3915  max= 435.4323
    [G  — soil heat flux (W/m²)]
      G                     min= -34.0599  mean=  -4.6115  max= 180.4969
    [u200 — wind 200m (m/s)]
      u200                  min=   2.0000  mean=   2.2719  max=   4.8204
    [zom  — roughness (m)]
      zom                   min=   0.0050  mean=   0.0097  max=   0.2101
    [u*   — friction vel (m/s)]
      u_star                min=   0.0774  mean=   0.0881  max=   0.2559
    [rah  — aero resist (s/m) ← KEY!]
      rah                   min=  28.5499  mean=  85.3760  max=  94.4220
    [rho  — air density (kg/m³)]
      rho_air               min=   0.6797  mean=   1.0310  max=   1.1684
    [ERA5 hourly — o'rtacha]
      T2m (K)                 279.6275
      Td  (K)                 272.3717
      WS10 (m/s)              1.1968
      P (kPa)                 84.3831
      ea (kPa)                0.6694
  └────────────────────────────────────────────────────────────
  P₆₀=1807.4 mm  ETr₆₀=140.0 mm
  Cold LC: [40]   Hot LC: [60, 50]
  F.7 α_limit=0.1994  (β=46.4°)
  F.8 Tfac=0.00 K  (P₆₀=1807.4 mm  ETr₆₀=140.0 mm  P/ETr=12.911)
  L1-CIMEC: cold=45  hot=10
  ✅ Anchor tanlandi: L1-CIMEC
  Anchor plan: L1-CIMEC
  Cold: Ts=300.35 K  NDVI=0.868
  Hot:  Ts_phys=276.77 K  Tfac=0.00 K  Ts_corr=276.77 K  NDVI=-0.072
  F.4b ETrFcold = 1.05  (NDVI₁=0.868 ≥ 0.75)
  F.5/F.6 fc=0.000  ETrFhot=0.050  (NDVIhot=-0.072  ETrFbare=0.05)
  Cold anchor: Rn=-35.6  G=-4.9  rah=86.2  rho=1.0307
  Hot  anchor: Rn=-45.3  G=-3.4  rah=94.4  rho=0.9139
  LE_cold=31.4  H_cold=-62.1 W/m²
  LE_hot=1.5   H_hot=-43.5 W/m²
    Iter  1: dT_hot=-17.0244 K  rah_hot=359.332 s/m  a=-0.11766  b=15.539
    Iter  2: dT_hot=-17.0244 K  rah_hot=359.332 s/m  a=-0.12172  b=16.663
    Iter  3: dT_hot=-17.0244 K  rah_hot=359.332 s/m  a=-0.12172  b=16.663
    ✅ Converged at iter 3
    a=-0.0298 b=3.77
    Rn=-32 G=-5 H=31 W/m²
    LE=-59 W/m²  ETr≈0.044 ETo≈0.029 mm/hr
    ETrF(tile mean)=0.100
    Crad(tile mean)=0.964

  ETrF nuqtalar: 1 ta  |  interpolatsiya: article
    Mar 24 → ETrF=0.100  Crad=0.964
  2026-03-01  ETrF=0.077  ETr=1.73  Crad=0.964  ET=0.13 mm  
  2026-03-02  ETrF=0.077  ETr=1.54  Crad=0.964  ET=0.11 mm  
  2026-03-03  ETrF=0.077  ETr=1.17  Crad=0.964  ET=0.09 mm  
  2026-03-04  ETrF=0.077  ETr=0.79  Crad=0.964  ET=0.06 mm  
  2026-03-05  ETrF=0.077  ETr=0.84  Crad=0.964  ET=0.06 mm  
  2026-03-06  ETrF=0.077  ETr=1.07  Crad=0.964  ET=0.08 mm  
  2026-03-07  ETrF=0.077  ETr=1.65  Crad=0.964  ET=0.12 mm  
  2026-03-08  ETrF=0.077  ETr=2.13  Crad=0.964  ET=0.16 mm  
  2026-03-09  ETrF=0.077  ETr=2.07  Crad=0.964  ET=0.15 mm  
  2026-03-10  ETrF=0.077  ETr=1.20  Crad=0.964  ET=0.09 mm  
  2026-03-11  ETrF=0.077  ETr=1.25  Crad=0.964  ET=0.09 mm  
  2026-03-12  ETrF=0.077  ETr=1.58  Crad=0.964  ET=0.12 mm  
  2026-03-13  ETrF=0.077  ETr=1.80  Crad=0.964  ET=0.13 mm  
  2026-03-14  ETrF=0.077  ETr=1.91  Crad=0.964  ET=0.14 mm  
  2026-03-15  ETrF=0.077  ETr=1.61  Crad=0.964  ET=0.12 mm  
  2026-03-16  ETrF=0.077  ETr=1.66  Crad=0.964  ET=0.12 mm  
  2026-03-17  ETrF=0.077  ETr=2.43  Crad=0.964  ET=0.18 mm  
  2026-03-18  ETrF=0.077  ETr=2.39  Crad=0.964  ET=0.18 mm  
  2026-03-19  ETrF=0.077  ETr=2.02  Crad=0.964  ET=0.15 mm  
  2026-03-20  ETrF=0.077  ETr=1.90  Crad=0.964  ET=0.14 mm  
  2026-03-21  ETrF=0.077  ETr=2.61  Crad=0.964  ET=0.19 mm  
  2026-03-22  ETrF=0.077  ETr=2.68  Crad=0.964  ET=0.20 mm  
  2026-03-23  ETrF=0.077  ETr=1.78  Crad=0.964  ET=0.13 mm  
  2026-03-24  ETrF=0.077  ETr=3.00  Crad=0.964  ET=0.22 mm  ◄
  2026-03-25  ETrF=0.077  ETr=3.98  Crad=0.964  ET=0.30 mm  
  2026-03-26  ETrF=0.077  ETr=3.52  Crad=0.964  ET=0.26 mm  
  2026-03-27  ETrF=0.077  ETr=3.87  Crad=0.964  ET=0.29 mm  
  2026-03-28  ETrF=0.077  ETr=3.70  Crad=0.964  ET=0.27 mm  
  2026-03-29  ETrF=0.077  ETr=2.30  Crad=0.964  ET=0.17 mm  
  2026-03-30  ETrF=0.077  ETr=2.55  Crad=0.964  ET=0.19 mm  
  2026-03-31  ETrF=0.077  ETr=2.88  Crad=0.964  ET=0.21 mm  

  ET oylik mean=0.3 mm  (interpolatsiya: article)

  ✅  ET=0.3 mm  |  1 tasvir  |  6.7 daq
  Lokal: D:\Cloud_comp\METRC\metric_gee_v2.1\outputs\2026-03_P152_R032
  📤 Drive: METRIC_Fargona_2026/METRIC_monthly_ET_2026-03_P152_R032  [READY]
