============================================================
METRIC-GEE Batch  |  20260624_140803
Tillar: [(152, 32), (153, 32)]
Oylar:  [(2026, 3), (2026, 4), (2026, 5)]
Jami:   6 ta kombinatsiya
============================================================
GEE initialized


[1/6]  METRIC_monthly_ET_2026-03_P152_R032

────────────────────────────────────────────────────────────
  METRIC_monthly_ET_2026-03_P152_R032
  Sana: 2026-03-01  →  2026-03-31
  Albedo: avg3  |  Scale: 30m
────────────────────────────────────────────────────────────
  Bbox: lon=[70.72, 73.30]  lat=[39.33, 41.33]
  WRS filter: Path=152 Row=32
Topilgan tasvirlar: 2
    ⚠️  Cloud precheck FAIL: 42.3% (cropland, limit=20%) → skip
  2026-03-16: 3214538 pixels — cloud precheck fail → skip
    ✅ Cloud precheck OK: 1.3% (cropland, limit=20%)
  2026-03-24: 3172598 pixels ✅

  --- 2026-03-24 ---
  ┌─ BAND DIAGNOSTIKA ─────────────────────────────────────────
    [Landsat SR (surface reflectance, 0-1)]
      B_BLUE                min=   0.0010  mean=   0.1722  max=   1.0000
      B_GREEN               min=   0.0010  mean=   0.1974  max=   1.0000
      B_RED                 min=   0.0010  mean=   0.2068  max=   1.0000
      B_NIR                 min=   0.0010  mean=   0.2810  max=   1.0000
      B_SWIR1               min=   0.0010  mean=   0.1884  max=   1.0000
      B_SWIR2               min=   0.0010  mean=   0.1545  max=   1.0000
    [Landsat Ts raw (K, birinchi qadam)]
      B_THERMAL             min= 249.3872  mean= 293.5903  max= 312.9111
    [Vegetation: NDVI (-1..1)]
      NDVI                  min=  -0.9759  mean=   0.2416  max=   0.9913
    [Vegetation: SAVI]
      SAVI                  min=  -0.5587  mean=   0.2023  max=   0.8379
    [Vegetation: LAI (m²/m²)]
      LAI                   min=   0.0000  mean=   0.3088  max=   6.0000
    [Albedo (0..0.4)]
      albedo                min=   0.0099  mean=   0.2040  max=   0.9027
    [Ts — actual (K)]
      Ts                    min= 249.3872  mean= 293.5903  max= 312.9111
    [TsDEM — lapse corrected (K)]
      TsDEM                 min= 226.3345  mean= 295.9911  max= 317.7719
    [Emissivity e0 (0.95..0.99)]
      e0                    min=   0.9500  mean=   0.9577  max=   0.9850
    [Rn — net radiation (W/m²)]
      Rn                    min= -80.6049  mean= -32.3915  max= 435.4323
    [G  — soil heat flux (W/m²)]
      G                     min= -34.0599  mean=  -4.6115  max= 180.4969
    [u200 — wind 200m (m/s)]
      u200                  min=   2.0000  mean=   2.2719  max=   4.8204
    [zom  — roughness (m)]
      zom                   min=   0.0050  mean=   0.0097  max=   0.2101
    [u*   — friction vel (m/s)]
      u_star                min=   0.0774  mean=   0.0881  max=   0.2559
    [rah  — aero resist (s/m) ← KEY!]
      rah                   min=  28.5499  mean=  85.3760  max=  94.4220
    [rho  — air density (kg/m³)]
      rho_air               min=   0.6797  mean=   1.0310  max=   1.1684
    [ERA5 hourly — o'rtacha]
      T2m (K)                 279.6275
      Td  (K)                 272.3717
      WS10 (m/s)              1.1968
      P (kPa)                 84.3831
      ea (kPa)                0.6694
  └────────────────────────────────────────────────────────────
  P₆₀=1807.4 mm  ETr₆₀=140.0 mm
  Cold LC: [40]   Hot LC: [60, 50]
  F.7 α_limit=0.1994  (β=46.4°)
  F.8 Tfac=0.00 K  (P₆₀=1807.4 mm  ETr₆₀=140.0 mm  P/ETr=12.911)
  L1-CIMEC: cold=45  hot=10
  ✅ Anchor tanlandi: L1-CIMEC
  Anchor plan: L1-CIMEC
  Cold: Ts=300.35 K  NDVI=0.868
  Hot:  Ts_phys=276.77 K  Tfac=0.00 K  Ts_corr=276.77 K  NDVI=-0.072
  F.4b ETrFcold = 1.05  (NDVI₁=0.868 ≥ 0.75)
  F.5/F.6 fc=0.000  ETrFhot=0.050  (NDVIhot=-0.072  ETrFbare=0.05)
  Cold anchor: Rn=-35.6  G=-4.9  rah=86.2  rho=1.0307
  Hot  anchor: Rn=-45.3  G=-3.4  rah=94.4  rho=0.9139
  LE_cold=31.4  H_cold=-62.1 W/m²
  LE_hot=1.5   H_hot=-43.5 W/m²
    Iter  1: dT_hot=-17.0244 K  rah_hot=359.332 s/m  a=-0.11766  b=15.539
    Iter  2: dT_hot=-17.0244 K  rah_hot=359.332 s/m  a=-0.12172  b=16.663
    Iter  3: dT_hot=-17.0244 K  rah_hot=359.332 s/m  a=-0.12172  b=16.663
    ✅ Converged at iter 3
    a=-0.0298 b=3.77
    Rn=-32 G=-5 H=31 W/m²
    LE=-59 W/m²  ETr≈0.044 ETo≈0.029 mm/hr
    ETrF(tile mean)=0.100
    Crad(tile mean)=0.964

  ETrF nuqtalar: 1 ta  |  interpolatsiya: article
    Mar 24 → ETrF=0.100  Crad=0.964
  2026-03-01  ETrF=0.077  ETr=1.73  Crad=0.964  ET=0.13 mm  
  2026-03-02  ETrF=0.077  ETr=1.54  Crad=0.964  ET=0.11 mm  
  2026-03-03  ETrF=0.077  ETr=1.17  Crad=0.964  ET=0.09 mm  
  2026-03-04  ETrF=0.077  ETr=0.79  Crad=0.964  ET=0.06 mm  
  2026-03-05  ETrF=0.077  ETr=0.84  Crad=0.964  ET=0.06 mm  
  2026-03-06  ETrF=0.077  ETr=1.07  Crad=0.964  ET=0.08 mm  
  2026-03-07  ETrF=0.077  ETr=1.65  Crad=0.964  ET=0.12 mm  
  2026-03-08  ETrF=0.077  ETr=2.13  Crad=0.964  ET=0.16 mm  
  2026-03-09  ETrF=0.077  ETr=2.07  Crad=0.964  ET=0.15 mm  
  2026-03-10  ETrF=0.077  ETr=1.20  Crad=0.964  ET=0.09 mm  
  2026-03-11  ETrF=0.077  ETr=1.25  Crad=0.964  ET=0.09 mm  
  2026-03-12  ETrF=0.077  ETr=1.58  Crad=0.964  ET=0.12 mm  
  2026-03-13  ETrF=0.077  ETr=1.80  Crad=0.964  ET=0.13 mm  
  2026-03-14  ETrF=0.077  ETr=1.91  Crad=0.964  ET=0.14 mm  
  2026-03-15  ETrF=0.077  ETr=1.61  Crad=0.964  ET=0.12 mm  
  2026-03-16  ETrF=0.077  ETr=1.66  Crad=0.964  ET=0.12 mm  
  2026-03-17  ETrF=0.077  ETr=2.43  Crad=0.964  ET=0.18 mm  
  2026-03-18  ETrF=0.077  ETr=2.39  Crad=0.964  ET=0.18 mm  
  2026-03-19  ETrF=0.077  ETr=2.02  Crad=0.964  ET=0.15 mm  
  2026-03-20  ETrF=0.077  ETr=1.90  Crad=0.964  ET=0.14 mm  
  2026-03-21  ETrF=0.077  ETr=2.61  Crad=0.964  ET=0.19 mm  
  2026-03-22  ETrF=0.077  ETr=2.68  Crad=0.964  ET=0.20 mm  
  2026-03-23  ETrF=0.077  ETr=1.78  Crad=0.964  ET=0.13 mm  
  2026-03-24  ETrF=0.077  ETr=3.00  Crad=0.964  ET=0.22 mm  ◄
  2026-03-25  ETrF=0.077  ETr=3.98  Crad=0.964  ET=0.30 mm  
  2026-03-26  ETrF=0.077  ETr=3.52  Crad=0.964  ET=0.26 mm  
  2026-03-27  ETrF=0.077  ETr=3.87  Crad=0.964  ET=0.29 mm  
  2026-03-28  ETrF=0.077  ETr=3.70  Crad=0.964  ET=0.27 mm  
  2026-03-29  ETrF=0.077  ETr=2.30  Crad=0.964  ET=0.17 mm  
  2026-03-30  ETrF=0.077  ETr=2.55  Crad=0.964  ET=0.19 mm  
  2026-03-31  ETrF=0.077  ETr=2.88  Crad=0.964  ET=0.21 mm  

  ET oylik mean=0.3 mm  (interpolatsiya: article)

  ✅  ET=0.3 mm  |  1 tasvir  |  6.7 daq
  Lokal: D:\Cloud_comp\METRC\metric_gee_v2.1\outputs\2026-03_P152_R032
  📤 Drive: METRIC_Fargona_2026/METRIC_monthly_ET_2026-03_P152_R032  [READY]

[2/6]  METRIC_monthly_ET_2026-04_P152_R032

────────────────────────────────────────────────────────────
  METRIC_monthly_ET_2026-04_P152_R032
  Sana: 2026-04-01  →  2026-04-30
  Albedo: avg3  |  Scale: 30m
────────────────────────────────────────────────────────────
  Bbox: lon=[70.72, 73.30]  lat=[39.33, 41.33]
  WRS filter: Path=152 Row=32
Topilgan tasvirlar: 2
    ✅ Cloud precheck OK: 1.0% (cropland, limit=20%)
  2026-04-01: 3184020 pixels ✅
    ✅ Cloud precheck OK: 1.5% (cropland, limit=20%)
  2026-04-25: 3111154 pixels ✅

  --- 2026-04-01 ---
  ┌─ BAND DIAGNOSTIKA ─────────────────────────────────────────
    [Landsat SR (surface reflectance, 0-1)]
      B_BLUE                min=   0.0010  mean=   0.1047  max=   1.0000
      B_GREEN               min=   0.0010  mean=   0.1384  max=   1.0000
      B_RED                 min=   0.0010  mean=   0.1490  max=   1.0000
      B_NIR                 min=   0.0010  mean=   0.2578  max=   1.0000
      B_SWIR1               min=   0.0010  mean=   0.2102  max=   1.0000
      B_SWIR2               min=   0.0010  mean=   0.1671  max=   1.0000
    [Landsat Ts raw (K, birinchi qadam)]
      B_THERMAL             min= 257.3205  mean= 303.6972  max= 326.5866
    [Vegetation: NDVI (-1..1)]
      NDVI                  min=  -0.9679  mean=   0.3052  max=   0.9903
    [Vegetation: SAVI]
      SAVI                  min=  -0.4832  mean=   0.2617  max=   0.8526
    [Vegetation: LAI (m²/m²)]
      LAI                   min=   0.0000  mean=   0.5023  max=   6.0000
    [Albedo (0..0.4)]
      albedo                min=   0.0120  mean=   0.1723  max=   0.9135
    [Ts — actual (K)]
      Ts                    min= 257.3205  mean= 303.6972  max= 326.5866
    [TsDEM — lapse corrected (K)]
      TsDEM                 min= 233.9681  mean= 307.3786  max= 334.5681
    [Emissivity e0 (0.95..0.99)]
      e0                    min=   0.9500  mean=   0.9564  max=   0.9850
    [Rn — net radiation (W/m²)]
      Rn                    min= -98.5771  mean= -29.5012  max= 524.8004
    [G  — soil heat flux (W/m²)]
      G                     min= -40.2363  mean=  -5.3775  max= 215.2206
    [u200 — wind 200m (m/s)]
      u200                  min=   2.0000  mean=   2.1340  max=   3.8029
    [zom  — roughness (m)]
      zom                   min=   0.0050  mean=   0.0123  max=   0.1517
    [u*   — friction vel (m/s)]
      u_star                min=   0.0774  mean=   0.0848  max=   0.1712
    [rah  — aero resist (s/m) ← KEY!]
      rah                   min=  42.6871  mean=  87.2695  max=  94.4220
    [rho  — air density (kg/m³)]
      rho_air               min=   0.6626  mean=   1.0192  max=   1.2002
    [ERA5 hourly — o'rtacha]
      T2m (K)                 285.8707
      Td  (K)                 276.1121
      WS10 (m/s)              1.0050
      P (kPa)                 83.6192
      ea (kPa)                0.8218
  └────────────────────────────────────────────────────────────
  P₆₀=1809.5 mm  ETr₆₀=177.6 mm
  Cold LC: [40]   Hot LC: [60, 50]
  F.7 α_limit=0.1958  (β=49.6°)
  F.8 Tfac=0.00 K  (P₆₀=1809.5 mm  ETr₆₀=177.6 mm  P/ETr=10.187)
  L1-CIMEC: cold=520  hot=336
  ✅ Anchor tanlandi: L1-CIMEC
  Anchor plan: L1-CIMEC
  Cold: Ts=304.47 K  NDVI=0.866
  Hot:  Ts_phys=314.52 K  Tfac=0.00 K  Ts_corr=314.52 K  NDVI=0.060
  F.4b ETrFcold = 1.05  (NDVI₁=0.866 ≥ 0.75)
  F.5/F.6 fc=0.000  ETrFhot=0.050  (NDVIhot=0.060  ETrFbare=0.05)
  Cold anchor: Rn=-33.9  G=-2.7  rah=73.0  rho=1.1126
  Hot  anchor: Rn=-47.5  G=-8.2  rah=92.4  rho=1.0687
  LE_cold=47.7  H_cold=-78.9 W/m²
  LE_hot=2.2   H_hot=-41.6 W/m²
    Iter  1: dT_hot=-13.4408 K  rah_hot=347.048 s/m  a=0.71254  b=-237.553
    Iter  2: dT_hot=-13.4408 K  rah_hot=347.048 s/m  a=0.71254  b=-237.553
    Iter  3: dT_hot=-13.4408 K  rah_hot=347.048 s/m  a=0.71254  b=-237.553
    ✅ Converged at iter 3
    a=0.1567 b=-52.86
    Rn=-30 G=-5 H=27 W/m²
    LE=-52 W/m²  ETr≈0.067 ETo≈0.048 mm/hr
    ETrF(tile mean)=0.099
    Crad(tile mean)=0.976

  --- 2026-04-25 ---
  ┌─ BAND DIAGNOSTIKA ─────────────────────────────────────────
    [Landsat SR (surface reflectance, 0-1)]
      B_BLUE                min=   0.0010  mean=   0.0878  max=   1.0000
      B_GREEN               min=   0.0010  mean=   0.1230  max=   1.0000
      B_RED                 min=   0.0010  mean=   0.1307  max=   1.0000
      B_NIR                 min=   0.0010  mean=   0.2774  max=   1.0000
      B_SWIR1               min=   0.0010  mean=   0.2145  max=   1.0000
      B_SWIR2               min=   0.0010  mean=   0.1640  max=   1.0000
    [Landsat Ts raw (K, birinchi qadam)]
      B_THERMAL             min= 258.2809  mean= 307.7654  max= 327.8411
    [Vegetation: NDVI (-1..1)]
      NDVI                  min=  -0.9702  mean=   0.3752  max=   0.9845
    [Vegetation: SAVI]
      SAVI                  min=  -0.5098  mean=   0.3279  max=   0.8693
    [Vegetation: LAI (m²/m²)]
      LAI                   min=   0.0000  mean=   0.9043  max=   6.0000
    [Albedo (0..0.4)]
      albedo                min=   0.0102  mean=   0.1711  max=   0.7778
    [Ts — actual (K)]
      Ts                    min= 258.2809  mean= 307.7654  max= 327.8411
    [TsDEM — lapse corrected (K)]
      TsDEM                 min= 238.4161  mean= 312.0056  max= 334.1715
    [Emissivity e0 (0.95..0.99)]
      e0                    min=   0.9500  mean=   0.9585  max=   0.9850
    [Rn — net radiation (W/m²)]
      Rn                    min=-148.4354  mean=   1.1966  max= 677.8921
    [G  — soil heat flux (W/m²)]
      G                     min= -54.6601  mean=  -0.4570  max= 302.7269
    [u200 — wind 200m (m/s)]
      u200                  min=   2.0000  mean=   2.1496  max=   3.6144
    [zom  — roughness (m)]
      zom                   min=   0.0050  mean=   0.0190  max=   0.1739
    [u*   — friction vel (m/s)]
      u_star                min=   0.0774  mean=   0.0927  max=   0.1968
    [rah  — aero resist (s/m) ← KEY!]
      rah                   min=  37.1275  mean=  80.8330  max=  94.4220
    [rho  — air density (kg/m³)]
      rho_air               min=   0.6653  mean=   1.0160  max=   1.1412
    [ERA5 hourly — o'rtacha]
      T2m (K)                 288.7122
      Td  (K)                 277.4761
      WS10 (m/s)              1.1531
      P (kPa)                 84.3226
      ea (kPa)                0.8863
  └────────────────────────────────────────────────────────────
  P₆₀=2044.6 mm  ETr₆₀=250.3 mm
  Cold LC: [40]   Hot LC: [60, 50]
  F.7 α_limit=0.1882  (β=57.9°)
  F.8 Tfac=0.00 K  (P₆₀=2044.6 mm  ETr₆₀=250.3 mm  P/ETr=8.168)
  L1-CIMEC: cold=840  hot=644
  ✅ Anchor tanlandi: L1-CIMEC
  Anchor plan: L1-CIMEC
  Cold: Ts=306.07 K  NDVI=0.891
  Hot:  Ts_phys=325.28 K  Tfac=0.00 K  Ts_corr=325.28 K  NDVI=0.083
  F.4b ETrFcold = 1.05  (NDVI₁=0.891 ≥ 0.75)
  F.5/F.6 fc=0.000  ETrFhot=0.050  (NDVIhot=0.083  ETrFbare=0.05)
  Cold anchor: Rn=8.6  G=0.8  rah=61.3  rho=1.0778
  Hot  anchor: Rn=-27.3  G=-6.7  rah=85.1  rho=0.9988
  LE_cold=96.6  H_cold=-88.7 W/m²
  LE_hot=4.5   H_hot=-25.1 W/m²
    Iter  1: dT_hot=-7.8670 K  rah_hot=314.849 s/m  a=0.59154  b=-200.284
    Iter  2: dT_hot=-8.0889 K  rah_hot=323.733 s/m  a=0.64073  b=-216.507
    Iter  3: dT_hot=-8.0889 K  rah_hot=323.733 s/m  a=0.64073  b=-216.507
    ✅ Converged at iter 3
    a=0.1512 b=-51.31
    Rn=1 G=-0 H=4 W/m²
    LE=-3 W/m²  ETr≈0.137 ETo≈0.103 mm/hr
    ETrF(tile mean)=0.165
    Crad(tile mean)=0.991

  ETrF nuqtalar: 2 ta  |  interpolatsiya: article
    Apr 01 → ETrF=0.099  Crad=0.976
    Apr 25 → ETrF=0.165  Crad=0.991
  2026-04-01  ETrF=0.098  ETr=3.74  Crad=0.976  ET=0.36 mm  ◄
  2026-04-02  ETrF=0.127  ETr=3.32  Crad=0.976  ET=0.41 mm  
  2026-04-03  ETrF=0.127  ETr=3.22  Crad=0.976  ET=0.40 mm  
  2026-04-04  ETrF=0.127  ETr=1.80  Crad=0.976  ET=0.22 mm  
  2026-04-05  ETrF=0.127  ETr=2.53  Crad=0.976  ET=0.31 mm  
  2026-04-06  ETrF=0.127  ETr=3.28  Crad=0.976  ET=0.41 mm  
  2026-04-07  ETrF=0.127  ETr=2.84  Crad=0.976  ET=0.35 mm  
  2026-04-08  ETrF=0.127  ETr=1.64  Crad=0.976  ET=0.20 mm  
  2026-04-09  ETrF=0.127  ETr=2.14  Crad=0.976  ET=0.27 mm  
  2026-04-10  ETrF=0.127  ETr=2.98  Crad=0.976  ET=0.37 mm  
  2026-04-11  ETrF=0.127  ETr=2.95  Crad=0.976  ET=0.37 mm  
  2026-04-12  ETrF=0.127  ETr=3.40  Crad=0.976  ET=0.42 mm  
  2026-04-13  ETrF=0.127  ETr=4.05  Crad=0.976  ET=0.50 mm  
  2026-04-14  ETrF=0.127  ETr=4.57  Crad=0.991  ET=0.58 mm  
  2026-04-15  ETrF=0.127  ETr=3.70  Crad=0.991  ET=0.47 mm  
  2026-04-16  ETrF=0.127  ETr=2.42  Crad=0.991  ET=0.30 mm  
  2026-04-17  ETrF=0.127  ETr=2.73  Crad=0.991  ET=0.34 mm  
  2026-04-18  ETrF=0.127  ETr=3.20  Crad=0.991  ET=0.40 mm  
  2026-04-19  ETrF=0.127  ETr=2.85  Crad=0.991  ET=0.36 mm  
  2026-04-20  ETrF=0.127  ETr=4.53  Crad=0.991  ET=0.57 mm  
  2026-04-21  ETrF=0.127  ETr=3.78  Crad=0.991  ET=0.48 mm  
  2026-04-22  ETrF=0.127  ETr=2.31  Crad=0.991  ET=0.29 mm  
  2026-04-23  ETrF=0.127  ETr=2.46  Crad=0.991  ET=0.31 mm  
  2026-04-24  ETrF=0.127  ETr=3.88  Crad=0.991  ET=0.49 mm  
  2026-04-25  ETrF=0.156  ETr=4.23  Crad=0.991  ET=0.65 mm  ◄
  2026-04-26  ETrF=0.156  ETr=4.19  Crad=0.991  ET=0.65 mm  
  2026-04-27  ETrF=0.156  ETr=4.13  Crad=0.991  ET=0.64 mm  
  2026-04-28  ETrF=0.156  ETr=3.44  Crad=0.991  ET=0.53 mm  
  2026-04-29  ETrF=0.156  ETr=3.92  Crad=0.991  ET=0.61 mm  
  2026-04-30  ETrF=0.156  ETr=4.06  Crad=0.991  ET=0.63 mm  

  ET oylik mean=4.8 mm  (interpolatsiya: article)

  ✅  ET=4.8 mm  |  2 tasvir  |  12.0 daq
  Lokal: D:\Cloud_comp\METRC\metric_gee_v2.1\outputs\2026-04_P152_R032
  📤 Drive: METRIC_Fargona_2026/METRIC_monthly_ET_2026-04_P152_R032  [READY]

[3/6]  METRIC_monthly_ET_2026-05_P152_R032

────────────────────────────────────────────────────────────
  METRIC_monthly_ET_2026-05_P152_R032
  Sana: 2026-05-01  →  2026-05-31
  Albedo: avg3  |  Scale: 30m
────────────────────────────────────────────────────────────
  Bbox: lon=[70.72, 73.30]  lat=[39.33, 41.33]
  WRS filter: Path=152 Row=32
Topilgan tasvirlar: 2
    ✅ Cloud precheck OK: 10.2% (cropland, limit=20%)
  2026-05-19: 3199392 pixels ✅
    ⚠️  Cloud precheck FAIL: 26.0% (cropland, limit=20%) → skip
  2026-05-27: 3156337 pixels — cloud precheck fail → skip

  --- 2026-05-19 ---
  ┌─ BAND DIAGNOSTIKA ─────────────────────────────────────────
    [Landsat SR (surface reflectance, 0-1)]
      B_BLUE                min=   0.0010  mean=   0.0809  max=   1.0000
      B_GREEN               min=   0.0010  mean=   0.1216  max=   1.0000
      B_RED                 min=   0.0010  mean=   0.1308  max=   1.0000
      B_NIR                 min=   0.0010  mean=   0.2785  max=   1.0000
      B_SWIR1               min=   0.0010  mean=   0.2264  max=   1.0000
      B_SWIR2               min=   0.0043  mean=   0.1698  max=   1.0000
    [Landsat Ts raw (K, birinchi qadam)]
      B_THERMAL             min= 262.0476  mean= 307.6165  max= 332.7972
    [Vegetation: NDVI (-1..1)]
      NDVI                  min=  -0.6633  mean=   0.3666  max=   0.9923
    [Vegetation: SAVI]
      SAVI                  min=  -0.4655  mean=   0.3213  max=   0.8438
    [Vegetation: LAI (m²/m²)]
      LAI                   min=   0.0000  mean=   0.6907  max=   6.0000
    [Albedo (0..0.4)]
      albedo                min=   0.0133  mean=   0.1706  max=   0.7742
    [Ts — actual (K)]
      Ts                    min= 262.0476  mean= 307.6165  max= 332.7972
    [TsDEM — lapse corrected (K)]
      TsDEM                 min= 238.5431  mean= 310.4427  max= 338.5455
    [Emissivity e0 (0.95..0.99)]
      e0                    min=   0.9500  mean=   0.9571  max=   0.9850
    [Rn — net radiation (W/m²)]
      Rn                    min=-181.5219  mean=  11.5143  max= 655.5624
    [G  — soil heat flux (W/m²)]
      G                     min= -51.3266  mean=   0.7935  max= 310.2527
    [u200 — wind 200m (m/s)]
      u200                  min=   2.0000  mean=   2.9801  max=   6.1254
    [zom  — roughness (m)]
      zom                   min=   0.0050  mean=   0.0160  max=   0.2171
    [u*   — friction vel (m/s)]
      u_star                min=   0.0774  mean=   0.1237  max=   0.2686
    [rah  — aero resist (s/m) ← KEY!]
      rah                   min=  27.2075  mean=  64.1329  max=  94.4220
    [rho  — air density (kg/m³)]
      rho_air               min=   0.6771  mean=   0.9923  max=   1.1503
    [ERA5 hourly — o'rtacha]
      T2m (K)                 290.8239
      Td  (K)                 283.4123
      WS10 (m/s)              1.8575
      P (kPa)                 83.3211
      ea (kPa)                1.3356
  └────────────────────────────────────────────────────────────
  P₆₀=1783.9 mm  ETr₆₀=384.6 mm
  Cold LC: [40]   Hot LC: [60, 50]
  F.7 α_limit=0.1846  (β=63.7°)
  F.8 Tfac=0.00 K  (P₆₀=1783.9 mm  ETr₆₀=384.6 mm  P/ETr=4.639)
  L1-CIMEC: cold=261  hot=841
  ✅ Anchor tanlandi: L1-CIMEC
  Anchor plan: L1-CIMEC
  Cold: Ts=302.63 K  NDVI=0.781
  Hot:  Ts_phys=320.21 K  Tfac=0.00 K  Ts_corr=320.21 K  NDVI=0.079
  F.4b ETrFcold = 1.05  (NDVI₁=0.781 ≥ 0.75)
  F.5/F.6 fc=0.000  ETrFhot=0.050  (NDVIhot=0.079  ETrFbare=0.05)
  Cold anchor: Rn=27.1  G=3.4  rah=70.7  rho=0.9577
  Hot  anchor: Rn=-15.0  G=-3.3  rah=92.8  rho=1.0142
  LE_cold=106.8  H_cold=-83.2 W/m²
  LE_hot=5.0   H_hot=-16.7 W/m²
    Iter  1: dT_hot=-5.0756 K  rah_hot=309.264 s/m  a=1.14905  b=-373.013
    Iter  2: dT_hot=-5.7987 K  rah_hot=353.327 s/m  a=1.10791  b=-360.563
    Iter  3: dT_hot=-5.7987 K  rah_hot=353.327 s/m  a=1.10791  b=-360.563
    ✅ Converged at iter 3
    a=0.2611 b=-85.14
    Rn=12 G=1 H=-2 W/m²
    LE=13 W/m²  ETr≈0.151 ETo≈0.114 mm/hr
    ETrF(tile mean)=0.219
    Crad(tile mean)=0.994

  ETrF nuqtalar: 1 ta  |  interpolatsiya: article
    May 19 → ETrF=0.219  Crad=0.994
  2026-05-01  ETrF=0.195  ETr=3.98  Crad=0.994  ET=0.77 mm  
  2026-05-02  ETrF=0.195  ETr=3.17  Crad=0.994  ET=0.61 mm  
  2026-05-03  ETrF=0.195  ETr=2.32  Crad=0.994  ET=0.45 mm  
  2026-05-04  ETrF=0.195  ETr=3.36  Crad=0.994  ET=0.65 mm  
  2026-05-05  ETrF=0.195  ETr=4.36  Crad=0.994  ET=0.85 mm  
  2026-05-06  ETrF=0.195  ETr=5.26  Crad=0.994  ET=1.02 mm  
  2026-05-07  ETrF=0.195  ETr=5.35  Crad=0.994  ET=1.04 mm  
  2026-05-08  ETrF=0.195  ETr=5.41  Crad=0.994  ET=1.05 mm  
  2026-05-09  ETrF=0.195  ETr=5.04  Crad=0.994  ET=0.98 mm  
  2026-05-10  ETrF=0.195  ETr=2.96  Crad=0.994  ET=0.57 mm  
  2026-05-11  ETrF=0.195  ETr=3.72  Crad=0.994  ET=0.72 mm  
  2026-05-12  ETrF=0.195  ETr=3.95  Crad=0.994  ET=0.77 mm  
  2026-05-13  ETrF=0.195  ETr=4.91  Crad=0.994  ET=0.95 mm  
  2026-05-14  ETrF=0.195  ETr=5.40  Crad=0.994  ET=1.05 mm  
  2026-05-15  ETrF=0.195  ETr=5.93  Crad=0.994  ET=1.15 mm  
  2026-05-16  ETrF=0.195  ETr=5.06  Crad=0.994  ET=0.98 mm  
  2026-05-17  ETrF=0.195  ETr=6.02  Crad=0.994  ET=1.17 mm  
  2026-05-18  ETrF=0.195  ETr=4.47  Crad=0.994  ET=0.87 mm  
  2026-05-19  ETrF=0.195  ETr=4.13  Crad=0.994  ET=0.80 mm  ◄
  2026-05-20  ETrF=0.195  ETr=5.15  Crad=0.994  ET=1.00 mm  
  2026-05-21  ETrF=0.195  ETr=3.28  Crad=0.994  ET=0.64 mm  
  2026-05-22  ETrF=0.195  ETr=3.75  Crad=0.994  ET=0.73 mm  
  2026-05-23  ETrF=0.195  ETr=4.17  Crad=0.994  ET=0.81 mm  
  2026-05-24  ETrF=0.195  ETr=3.66  Crad=0.994  ET=0.71 mm  
  2026-05-25  ETrF=0.195  ETr=4.08  Crad=0.994  ET=0.79 mm  
  2026-05-26  ETrF=0.195  ETr=4.82  Crad=0.994  ET=0.94 mm  
  2026-05-27  ETrF=0.195  ETr=4.37  Crad=0.994  ET=0.85 mm  
  2026-05-28  ETrF=0.195  ETr=4.91  Crad=0.994  ET=0.95 mm  
  2026-05-29  ETrF=0.195  ETr=5.33  Crad=0.994  ET=1.03 mm  
  2026-05-30  ETrF=0.195  ETr=6.21  Crad=0.994  ET=1.21 mm  
  2026-05-31  ETrF=0.195  ETr=6.50  Crad=0.994  ET=1.26 mm  

  ET oylik mean=17.6 mm  (interpolatsiya: article)

  ✅  ET=17.6 mm  |  1 tasvir  |  5.6 daq
  Lokal: D:\Cloud_comp\METRC\metric_gee_v2.1\outputs\2026-05_P152_R032
  📤 Drive: METRIC_Fargona_2026/METRIC_monthly_ET_2026-05_P152_R032  [READY]

[4/6]  METRIC_monthly_ET_2026-03_P153_R032

────────────────────────────────────────────────────────────
  METRIC_monthly_ET_2026-03_P153_R032
  Sana: 2026-03-01  →  2026-03-31
  Albedo: avg3  |  Scale: 30m
────────────────────────────────────────────────────────────
  Bbox: lon=[69.65, 72.24]  lat=[39.33, 41.33]
  WRS filter: Path=153 Row=32
Topilgan tasvirlar: 0

  ❌ XATO: Tasvir topilmadi

[5/6]  METRIC_monthly_ET_2026-04_P153_R032

────────────────────────────────────────────────────────────
  METRIC_monthly_ET_2026-04_P153_R032
  Sana: 2026-04-01  →  2026-04-30
  Albedo: avg3  |  Scale: 30m
────────────────────────────────────────────────────────────
  Bbox: lon=[69.65, 72.24]  lat=[39.33, 41.33]
  WRS filter: Path=153 Row=32
Topilgan tasvirlar: 1
    ✅ Cloud precheck OK: 0.6% (cropland, limit=20%)
  2026-04-24: 2333516 pixels ✅

  --- 2026-04-24 ---
  ┌─ BAND DIAGNOSTIKA ─────────────────────────────────────────
    [Landsat SR (surface reflectance, 0-1)]
      B_BLUE                min=   0.0010  mean=   0.0862  max=   1.0000
      B_GREEN               min=   0.0010  mean=   0.1220  max=   1.0000
      B_RED                 min=   0.0010  mean=   0.1349  max=   1.0000
      B_NIR                 min=   0.0010  mean=   0.2405  max=   1.0000
      B_SWIR1               min=   0.0010  mean=   0.2092  max=   1.0000
      B_SWIR2               min=   0.0010  mean=   0.1650  max=   1.0000
    [Landsat Ts raw (K, birinchi qadam)]
      B_THERMAL             min= 258.3766  mean= 303.8109  max= 324.2795
    [Vegetation: NDVI (-1..1)]
      NDVI                  min=  -0.9807  mean=   0.2867  max=   0.9812
    [Vegetation: SAVI]
      SAVI                  min=  -0.6006  mean=   0.2518  max=   0.8637
    [Vegetation: LAI (m²/m²)]
      LAI                   min=   0.0000  mean=   0.5504  max=   6.0000
    [Albedo (0..0.4)]
      albedo                min=   0.0102  mean=   0.1593  max=   0.7807
    [Ts — actual (K)]
      Ts                    min= 258.3766  mean= 303.8109  max= 324.2795
    [TsDEM — lapse corrected (K)]
      TsDEM                 min= 233.0135  mean= 306.1240  max= 330.0611
    [Emissivity e0 (0.95..0.99)]
      e0                    min=   0.9500  mean=   0.9566  max=   0.9850
    [Rn — net radiation (W/m²)]
      Rn                    min=-112.5213  mean=   0.2839  max= 634.2964
    [G  — soil heat flux (W/m²)]
      G                     min= -50.8220  mean=  -1.2706  max= 290.5442
    [u200 — wind 200m (m/s)]
      u200                  min=   2.0000  mean=   3.3483  max=   7.6618
    [zom  — roughness (m)]
      zom                   min=   0.0050  mean=   0.0150  max=   0.1992
    [u*   — friction vel (m/s)]
      u_star                min=   0.0774  mean=   0.1550  max=   0.4103
    [rah  — aero resist (s/m) ← KEY!]
      rah                   min=  17.8071  mean=  53.1049  max=  94.4220
    [rho  — air density (kg/m³)]
      rho_air               min=   0.6654  mean=   1.0097  max=   1.1604
    [ERA5 hourly — o'rtacha]
      T2m (K)                 287.5652
      Td  (K)                 281.0091
      WS10 (m/s)              2.1911
      P (kPa)                 85.7747
      ea (kPa)                1.1301
  └────────────────────────────────────────────────────────────
  P₆₀=2033.8 mm  ETr₆₀=250.6 mm
  Cold LC: [40]   Hot LC: [60, 50]
  F.7 α_limit=0.1884  (β=57.6°)
  F.8 Tfac=0.00 K  (P₆₀=2033.8 mm  ETr₆₀=250.6 mm  P/ETr=8.115)
  L1-CIMEC: cold=139  hot=1487
  ✅ Anchor tanlandi: L1-CIMEC
  Anchor plan: L1-CIMEC
  Cold: Ts=305.24 K  NDVI=0.892
  Hot:  Ts_phys=321.52 K  Tfac=0.00 K  Ts_corr=321.52 K  NDVI=0.067
  F.4b ETrFcold = 1.05  (NDVI₁=0.892 ≥ 0.75)
  F.5/F.6 fc=0.000  ETrFhot=0.050  (NDVIhot=0.067  ETrFbare=0.05)
  Cold anchor: Rn=-10.5  G=-0.7  rah=33.3  rho=1.1208
  Hot  anchor: Rn=-40.4  G=-9.4  rah=34.5  rho=1.0553
  LE_cold=91.3  H_cold=-101.0 W/m²
  LE_hot=4.3   H_hot=-35.3 W/m²
    Iter  1: dT_hot=-1.3951 K  rah_hot=41.866 s/m  a=0.18344  b=-60.374
    Iter  2: dT_hot=-1.4312 K  rah_hot=42.950 s/m  a=0.22588  b=-74.056
    Iter  3: dT_hot=-1.4368 K  rah_hot=43.118 s/m  a=0.25186  b=-82.414
    Iter  4: dT_hot=-1.4376 K  rah_hot=43.142 s/m  a=0.26821  b=-87.674
    ✅ Converged at iter 4
    a=0.1133 b=-37.56
    Rn=0 G=-1 H=15 W/m²
    LE=-13 W/m²  ETr≈0.129 ETo≈0.092 mm/hr
    ETrF(tile mean)=0.180
    Crad(tile mean)=1.016

  ETrF nuqtalar: 1 ta  |  interpolatsiya: article
    Apr 24 → ETrF=0.180  Crad=1.016
  2026-04-01  ETrF=0.157  ETr=3.58  Crad=1.016  ET=0.57 mm  
  2026-04-02  ETrF=0.157  ETr=3.37  Crad=1.016  ET=0.54 mm  
  2026-04-03  ETrF=0.157  ETr=3.36  Crad=1.016  ET=0.54 mm  
  2026-04-04  ETrF=0.157  ETr=2.00  Crad=1.016  ET=0.32 mm  
  2026-04-05  ETrF=0.157  ETr=2.57  Crad=1.016  ET=0.41 mm  
  2026-04-06  ETrF=0.157  ETr=3.11  Crad=1.016  ET=0.50 mm  
  2026-04-07  ETrF=0.157  ETr=2.64  Crad=1.016  ET=0.42 mm  
  2026-04-08  ETrF=0.157  ETr=2.00  Crad=1.016  ET=0.32 mm  
  2026-04-09  ETrF=0.157  ETr=2.62  Crad=1.016  ET=0.42 mm  
  2026-04-10  ETrF=0.157  ETr=3.05  Crad=1.016  ET=0.49 mm  
  2026-04-11  ETrF=0.157  ETr=3.07  Crad=1.016  ET=0.49 mm  
  2026-04-12  ETrF=0.157  ETr=3.58  Crad=1.016  ET=0.57 mm  
  2026-04-13  ETrF=0.157  ETr=4.14  Crad=1.016  ET=0.66 mm  
  2026-04-14  ETrF=0.157  ETr=4.74  Crad=1.016  ET=0.76 mm  
  2026-04-15  ETrF=0.157  ETr=3.93  Crad=1.016  ET=0.63 mm  
  2026-04-16  ETrF=0.157  ETr=2.78  Crad=1.016  ET=0.44 mm  
  2026-04-17  ETrF=0.157  ETr=3.16  Crad=1.016  ET=0.50 mm  
  2026-04-18  ETrF=0.157  ETr=3.17  Crad=1.016  ET=0.51 mm  
  2026-04-19  ETrF=0.157  ETr=3.17  Crad=1.016  ET=0.51 mm  
  2026-04-20  ETrF=0.157  ETr=4.64  Crad=1.016  ET=0.74 mm  
  2026-04-21  ETrF=0.157  ETr=3.58  Crad=1.016  ET=0.57 mm  
  2026-04-22  ETrF=0.157  ETr=2.23  Crad=1.016  ET=0.36 mm  
  2026-04-23  ETrF=0.157  ETr=2.34  Crad=1.016  ET=0.37 mm  
  2026-04-24  ETrF=0.157  ETr=4.16  Crad=1.016  ET=0.66 mm  ◄
  2026-04-25  ETrF=0.157  ETr=4.42  Crad=1.016  ET=0.71 mm  
  2026-04-26  ETrF=0.157  ETr=4.03  Crad=1.016  ET=0.64 mm  
  2026-04-27  ETrF=0.157  ETr=4.10  Crad=1.016  ET=0.65 mm  
  2026-04-28  ETrF=0.157  ETr=3.46  Crad=1.016  ET=0.55 mm  
  2026-04-29  ETrF=0.157  ETr=4.02  Crad=1.016  ET=0.64 mm  
  2026-04-30  ETrF=0.157  ETr=3.93  Crad=1.016  ET=0.63 mm  

  ET oylik mean=6.1 mm  (interpolatsiya: article)

  ✅  ET=6.1 mm  |  1 tasvir  |  5.3 daq
  Lokal: D:\Cloud_comp\METRC\metric_gee_v2.1\outputs\2026-04_P153_R032
  📤 Drive: METRIC_Fargona_2026/METRIC_monthly_ET_2026-04_P153_R032  [READY]

[6/6]  METRIC_monthly_ET_2026-05_P153_R032

────────────────────────────────────────────────────────────
  METRIC_monthly_ET_2026-05_P153_R032
  Sana: 2026-05-01  →  2026-05-31
  Albedo: avg3  |  Scale: 30m
────────────────────────────────────────────────────────────
  Bbox: lon=[69.65, 72.24]  lat=[39.33, 41.33]
  WRS filter: Path=153 Row=32
Topilgan tasvirlar: 1
    ✅ Cloud precheck OK: 1.0% (cropland, limit=20%)
  2026-05-26: 2377099 pixels ✅

  --- 2026-05-26 ---
  ┌─ BAND DIAGNOSTIKA ─────────────────────────────────────────
    [Landsat SR (surface reflectance, 0-1)]
      B_BLUE                min=   0.0010  mean=   0.0798  max=   1.0000
      B_GREEN               min=   0.0010  mean=   0.1198  max=   1.0000
      B_RED                 min=   0.0010  mean=   0.1331  max=   1.0000
      B_NIR                 min=   0.0010  mean=   0.2487  max=   1.0000
      B_SWIR1               min=   0.0010  mean=   0.2208  max=   1.0000
      B_SWIR2               min=   0.0020  mean=   0.1719  max=   1.0000
    [Landsat Ts raw (K, birinchi qadam)]
      B_THERMAL             min= 260.0275  mean= 304.8714  max= 331.0335
    [Vegetation: NDVI (-1..1)]
      NDVI                  min=  -0.9748  mean=   0.3029  max=   0.9937
    [Vegetation: SAVI]
      SAVI                  min=  -0.5714  mean=   0.2658  max=   0.8630
    [Vegetation: LAI (m²/m²)]
      LAI                   min=   0.0000  mean=   0.4936  max=   6.0000
    [Albedo (0..0.4)]
      albedo                min=   0.0111  mean=   0.1610  max=   0.8283
    [Ts — actual (K)]
      Ts                    min= 260.0275  mean= 304.8714  max= 331.0335
    [TsDEM — lapse corrected (K)]
      TsDEM                 min= 237.9809  mean= 307.0743  max= 338.1498
    [Emissivity e0 (0.95..0.99)]
      e0                    min=   0.9500  mean=   0.9558  max=   0.9850
    [Rn — net radiation (W/m²)]
      Rn                    min=-155.1309  mean=   4.4561  max= 639.5327
    [G  — soil heat flux (W/m²)]
      G                     min= -47.1204  mean=  -0.8820  max= 301.0814
    [u200 — wind 200m (m/s)]
      u200                  min=   2.0000  mean=   2.8454  max=   7.2304
    [zom  — roughness (m)]
      zom                   min=   0.0050  mean=   0.0145  max=   0.2430
    [u*   — friction vel (m/s)]
      u_star                min=   0.0774  mean=   0.1253  max=   0.3775
    [rah  — aero resist (s/m) ← KEY!]
      rah                   min=  19.3546  mean=  64.4946  max=  94.4220
    [rho  — air density (kg/m³)]
      rho_air               min=   0.6787  mean=   1.0044  max=   1.1965
    [ERA5 hourly — o'rtacha]
      T2m (K)                 291.6034
      Td  (K)                 279.1168
      WS10 (m/s)              1.8015
      P (kPa)                 85.4498
      ea (kPa)                0.9751
  └────────────────────────────────────────────────────────────
  P₆₀=2356.8 mm  ETr₆₀=398.9 mm
  Cold LC: [40]   Hot LC: [60, 50]
  F.7 α_limit=0.1841  (β=64.7°)
  F.8 Tfac=0.00 K  (P₆₀=2356.8 mm  ETr₆₀=398.9 mm  P/ETr=5.908)
  L1-CIMEC: cold=86  hot=801
  ✅ Anchor tanlandi: L1-CIMEC
  Anchor plan: L1-CIMEC
  Cold: Ts=300.56 K  NDVI=0.775
  Hot:  Ts_phys=325.34 K  Tfac=0.00 K  Ts_corr=325.34 K  NDVI=0.072
  F.4b ETrFcold = 1.05  (NDVI₁=0.775 ≥ 0.75)
  F.5/F.6 fc=0.000  ETrFhot=0.050  (NDVIhot=0.072  ETrFbare=0.05)
  Cold anchor: Rn=10.2  G=-0.2  rah=54.4  rho=1.0194
  Hot  anchor: Rn=-27.8  G=-7.0  rah=59.0  rho=1.0048
  LE_cold=122.1  H_cold=-111.7 W/m²
  LE_hot=5.7   H_hot=-26.5 W/m²
    Iter  1: dT_hot=-2.9189 K  rah_hot=111.134 s/m  a=0.85710  b=-281.763
    Iter  2: dT_hot=-3.9127 K  rah_hot=148.974 s/m  a=0.87348  b=-288.087
    Iter  3: dT_hot=-4.7366 K  rah_hot=180.342 s/m  a=0.84022  b=-278.091
    Iter  4: dT_hot=-5.4639 K  rah_hot=208.036 s/m  a=0.81086  b=-269.266
    Iter  5: dT_hot=-5.6566 K  rah_hot=215.370 s/m  a=0.80308  b=-266.928
    Iter  6: dT_hot=-5.6773 K  rah_hot=216.160 s/m  a=0.80225  b=-266.677
    Iter  7: dT_hot=-5.6797 K  rah_hot=216.250 s/m  a=0.80215  b=-266.648
    ✅ Converged at iter 7
    a=0.1771 b=-59.18
    Rn=4 G=-1 H=4 W/m²
    LE=1 W/m²  ETr≈0.172 ETo≈0.120 mm/hr
    ETrF(tile mean)=0.195
    Crad(tile mean)=1.017

  ETrF nuqtalar: 1 ta  |  interpolatsiya: article
    May 26 → ETrF=0.195  Crad=1.017
  2026-05-01  ETrF=0.173  ETr=4.16  Crad=1.017  ET=0.73 mm  
  2026-05-02  ETrF=0.173  ETr=3.34  Crad=1.017  ET=0.59 mm  
  2026-05-03  ETrF=0.173  ETr=2.97  Crad=1.017  ET=0.52 mm  
  2026-05-04  ETrF=0.173  ETr=3.48  Crad=1.017  ET=0.61 mm  
  2026-05-05  ETrF=0.173  ETr=4.37  Crad=1.017  ET=0.77 mm  
  2026-05-06  ETrF=0.173  ETr=5.54  Crad=1.017  ET=0.97 mm  
  2026-05-07  ETrF=0.173  ETr=5.52  Crad=1.017  ET=0.97 mm  
  2026-05-08  ETrF=0.173  ETr=5.37  Crad=1.017  ET=0.94 mm  
  2026-05-09  ETrF=0.173  ETr=4.87  Crad=1.017  ET=0.86 mm  
  2026-05-10  ETrF=0.173  ETr=2.65  Crad=1.017  ET=0.47 mm  
  2026-05-11  ETrF=0.173  ETr=4.28  Crad=1.017  ET=0.75 mm  
  2026-05-12  ETrF=0.173  ETr=4.16  Crad=1.017  ET=0.73 mm  
  2026-05-13  ETrF=0.173  ETr=5.20  Crad=1.017  ET=0.91 mm  
  2026-05-14  ETrF=0.173  ETr=5.41  Crad=1.017  ET=0.95 mm  
  2026-05-15  ETrF=0.173  ETr=6.10  Crad=1.017  ET=1.07 mm  
  2026-05-16  ETrF=0.173  ETr=4.90  Crad=1.017  ET=0.86 mm  
  2026-05-17  ETrF=0.173  ETr=6.45  Crad=1.017  ET=1.14 mm  
  2026-05-18  ETrF=0.173  ETr=4.25  Crad=1.017  ET=0.75 mm  
  2026-05-19  ETrF=0.173  ETr=4.31  Crad=1.017  ET=0.76 mm  
  2026-05-20  ETrF=0.173  ETr=5.43  Crad=1.017  ET=0.95 mm  
  2026-05-21  ETrF=0.173  ETr=3.34  Crad=1.017  ET=0.59 mm  
  2026-05-22  ETrF=0.173  ETr=3.78  Crad=1.017  ET=0.66 mm  
  2026-05-23  ETrF=0.173  ETr=4.22  Crad=1.017  ET=0.74 mm  
  2026-05-24  ETrF=0.173  ETr=3.30  Crad=1.017  ET=0.58 mm  
  2026-05-25  ETrF=0.173  ETr=4.44  Crad=1.017  ET=0.78 mm  
  2026-05-26  ETrF=0.173  ETr=4.82  Crad=1.017  ET=0.85 mm  ◄
  2026-05-27  ETrF=0.173  ETr=4.35  Crad=1.017  ET=0.77 mm  
  2026-05-28  ETrF=0.173  ETr=4.74  Crad=1.017  ET=0.83 mm  
  2026-05-29  ETrF=0.173  ETr=5.28  Crad=1.017  ET=0.93 mm  
  2026-05-30  ETrF=0.173  ETr=6.29  Crad=1.017  ET=1.11 mm  
  2026-05-31  ETrF=0.173  ETr=6.36  Crad=1.017  ET=1.12 mm  

  ET oylik mean=10.5 mm  (interpolatsiya: article)

  ✅  ET=10.5 mm  |  1 tasvir  |  8.0 daq
  Lokal: D:\Cloud_comp\METRC\metric_gee_v2.1\outputs\2026-05_P153_R032
  📤 Drive: METRIC_Fargona_2026/METRIC_monthly_ET_2026-05_P153_R032  [READY]

============================================================
BATCH YAKUNLANDI  |  20260624_140803
  Jami:             6
  ✅ Muvaffaqiyatli: 5
  ⏩ O'tkazilgan:    0
  ❌ Xatolik:        1
  Log: D:\Cloud_comp\METRC\metric_gee_v2.1\outputs\batch_20260624_140803.log
============================================================

  Natijalar:
    METRIC_monthly_ET_2026-03_P152_R032                 ET=   0.3 mm  n=1
    METRIC_monthly_ET_2026-04_P152_R032                 ET=   4.8 mm  n=2
    METRIC_monthly_ET_2026-05_P152_R032                 ET=  17.6 mm  n=1
    METRIC_monthly_ET_2026-04_P153_R032                 ET=   6.1 mm  n=1
    METRIC_monthly_ET_2026-05_P153_R032                 ET=  10.5 mm  n=1
  Batch summary: D:\Cloud_comp\METRC\metric_gee_v2.1\outputs\batch_20260624_140803_summary.json
