============================================================
METRIC-GEE Batch  |  20260622_165244
Tillar: [(156, 32), (155, 32), (155, 33)]
Oylar:  [(2026, 3), (2026, 4), (2026, 5)]
Jami:   9 ta kombinatsiya
============================================================
GEE initialized


[1/9]  METRIC_monthly_ET_2026-03_P156_R032

────────────────────────────────────────────────────────────
  METRIC_monthly_ET_2026-03_P156_R032
  Sana: 2026-03-01  →  2026-03-31
  Albedo: avg3  |  Scale: 30m
────────────────────────────────────────────────────────────
  Bbox: lon=[64.98, 67.61]  lat=[39.33, 41.33]
  WRS filter: Path=156 Row=32
Topilgan tasvirlar: 2
    ✅ Cloud precheck OK: 0.6% (cropland, limit=20%)
  2026-03-12: 2441078 pixels ✅
    ✅ Cloud precheck OK: 6.3% (cropland, limit=20%)
  2026-03-20: 2414249 pixels ✅

  --- 2026-03-12 ---
  ┌─ BAND DIAGNOSTIKA ─────────────────────────────────────────
    [Landsat SR (surface reflectance, 0-1)]
      B_BLUE                min=   0.0010  mean=   0.0709  max=   1.0000
      B_GREEN               min=   0.0010  mean=   0.1078  max=   1.0000
      B_RED                 min=   0.0010  mean=   0.1195  max=   1.0000
      B_NIR                 min=   0.0010  mean=   0.2184  max=   1.0000
      B_SWIR1               min=   0.0010  mean=   0.2088  max=   1.0000
      B_SWIR2               min=   0.0021  mean=   0.1663  max=   1.0000
    [Landsat Ts raw (K, birinchi qadam)]
      B_THERMAL             min= 266.5355  mean= 281.7514  max= 298.3265
    [Vegetation: NDVI (-1..1)]
      NDVI                  min=  -0.9777  mean=   0.2633  max=   0.9902
    [Vegetation: SAVI]
      SAVI                  min=  -0.5368  mean=   0.2398  max=   0.8366
    [Vegetation: LAI (m²/m²)]
      LAI                   min=   0.0000  mean=   0.3123  max=   6.0000
    [Albedo (0..0.4)]
      albedo                min=   0.0101  mean=   0.1460  max=   0.7611
    [Ts — actual (K)]
      Ts                    min= 266.5355  mean= 281.7514  max= 298.3265
    [TsDEM — lapse corrected (K)]
      TsDEM                 min= 256.6996  mean= 281.9830  max= 300.1256
    [Emissivity e0 (0.95..0.99)]
      e0                    min=   0.9500  mean=   0.9555  max=   0.9850
    [Rn — net radiation (W/m²)]
      Rn                    min= -69.0956  mean=  -2.2678  max= 483.9406
    [G  — soil heat flux (W/m²)]
      G                     min= -31.6152  mean=  -0.1310  max= 162.8765
    [u200 — wind 200m (m/s)]
      u200                  min=   2.0000  mean=   5.7018  max=  11.4370
    [zom  — roughness (m)]
      zom                   min=   0.0050  mean=   0.0082  max=   0.1080
    [u*   — friction vel (m/s)]
      u_star                min=   0.0774  mean=   0.2492  max=   0.4573
    [rah  — aero resist (s/m) ← KEY!]
      rah                   min=  15.9769  mean=  31.5368  max=  94.4220
    [rho  — air density (kg/m³)]
      rho_air               min=   0.9442  mean=   1.1666  max=   1.2516
    [ERA5 hourly — o'rtacha]
      T2m (K)                 275.9879
      Td  (K)                 267.0929
      WS10 (m/s)              3.7840
      P (kPa)                 96.8001
      ea (kPa)                0.3925
  └────────────────────────────────────────────────────────────
  P₆₀=2262.1 mm  ETr₆₀=141.0 mm
  Cold LC: [40]   Hot LC: [60, 50]
  F.7 α_limit=0.2057  (β=41.8°)
  F.8 Tfac=0.00 K  (P₆₀=2262.1 mm  ETr₆₀=141.0 mm  P/ETr=16.044)
  L1-CIMEC: cold=18  hot=273
  ✅ Anchor tanlandi: L1-CIMEC
  Anchor plan: L1-CIMEC
  Cold: Ts=279.70 K  NDVI=0.870
  Hot:  Ts_phys=285.79 K  Tfac=0.00 K  Ts_corr=285.79 K  NDVI=0.079
  F.4b ETrFcold = 1.05  (NDVI₁=0.870 ≥ 0.75)
  F.5/F.6 fc=0.000  ETrFhot=0.050  (NDVIhot=0.079  ETrFbare=0.05)
  Cold anchor: Rn=-4.1  G=-0.1  rah=31.8  rho=1.1666
  Hot  anchor: Rn=-24.2  G=-1.5  rah=37.3  rho=1.1569
  LE_cold=83.1  H_cold=-87.1 W/m²
  LE_hot=3.9   H_hot=-26.6 W/m²
    Iter  1: dT_hot=-1.0486 K  rah_hot=45.707 s/m  a=0.37266  b=-107.552
    Iter  2: dT_hot=-1.0789 K  rah_hot=47.031 s/m  a=0.39843  b=-114.948
    Iter  3: dT_hot=-1.0840 K  rah_hot=47.249 s/m  a=0.40654  b=-117.270
    Iter  4: dT_hot=-1.0848 K  rah_hot=47.286 s/m  a=0.40893  b=-117.953
    ✅ Converged at iter 4
    a=0.2474 b=-71.57
    Rn=-2 G=-0 H=5 W/m²
    LE=-7 W/m²  ETr≈0.115 ETo≈0.073 mm/hr
    ETrF(tile mean)=0.170
    Crad(tile mean)=1.006

  --- 2026-03-20 ---
  ┌─ BAND DIAGNOSTIKA ─────────────────────────────────────────
    [Landsat SR (surface reflectance, 0-1)]
      B_BLUE                min=   0.0010  mean=   0.0782  max=   0.6551
      B_GREEN               min=   0.0010  mean=   0.1216  max=   0.6659
      B_RED                 min=   0.0010  mean=   0.1363  max=   0.7023
      B_NIR                 min=   0.0010  mean=   0.2497  max=   0.7027
      B_SWIR1               min=   0.0010  mean=   0.2531  max=   0.7954
      B_SWIR2               min=   0.0026  mean=   0.2056  max=   1.0000
    [Landsat Ts raw (K, birinchi qadam)]
      B_THERMAL             min= 270.9584  mean= 297.8851  max= 313.5572
    [Vegetation: NDVI (-1..1)]
      NDVI                  min=  -0.9706  mean=   0.2725  max=   0.9932
    [Vegetation: SAVI]
      SAVI                  min=  -0.4773  mean=   0.2445  max=   0.8246
    [Vegetation: LAI (m²/m²)]
      LAI                   min=   0.0000  mean=   0.3142  max=   6.0000
    [Albedo (0..0.4)]
      albedo                min=   0.0111  mean=   0.1668  max=   0.5753
    [Ts — actual (K)]
      Ts                    min= 270.9584  mean= 297.8851  max= 313.5572
    [TsDEM — lapse corrected (K)]
      TsDEM                 min= 266.6757  mean= 298.3918  max= 314.6673
    [Emissivity e0 (0.95..0.99)]
      e0                    min=   0.9500  mean=   0.9556  max=   0.9850
    [Rn — net radiation (W/m²)]
      Rn                    min= -84.4722  mean=   2.0479  max= 520.5051
    [G  — soil heat flux (W/m²)]
      G                     min= -37.1417  mean=  -0.0205  max= 177.0403
    [u200 — wind 200m (m/s)]
      u200                  min=   2.0000  mean=   3.5637  max=   5.2455
    [zom  — roughness (m)]
      zom                   min=   0.0050  mean=   0.0081  max=   0.1080
    [u*   — friction vel (m/s)]
      u_star                min=   0.0774  mean=   0.1482  max=   0.2718
    [rah  — aero resist (s/m) ← KEY!]
      rah                   min=  26.8824  mean=  51.2852  max=  94.4220
    [rho  — air density (kg/m³)]
      rho_air               min=   0.9504  mean=   1.1090  max=   1.2108
    [ERA5 hourly — o'rtacha]
      T2m (K)                 287.2047
      Td  (K)                 278.6523
      WS10 (m/s)              2.3407
      P (kPa)                 95.2389
      ea (kPa)                0.9107
  └────────────────────────────────────────────────────────────
  P₆₀=1966.3 mm  ETr₆₀=159.1 mm
  Cold LC: [40]   Hot LC: [60, 50]
  F.7 α_limit=0.2014  (β=44.9°)
  F.8 Tfac=0.00 K  (P₆₀=1966.3 mm  ETr₆₀=159.1 mm  P/ETr=12.362)
  L1-CIMEC: cold=71  hot=239
  ✅ Anchor tanlandi: L1-CIMEC
  Anchor plan: L1-CIMEC
  Cold: Ts=291.26 K  NDVI=0.846
  Hot:  Ts_phys=304.44 K  Tfac=0.00 K  Ts_corr=304.44 K  NDVI=0.094
  F.4b ETrFcold = 1.05  (NDVI₁=0.846 ≥ 0.75)
  F.5/F.6 fc=0.000  ETrFhot=0.050  (NDVIhot=0.094  ETrFbare=0.05)
  Cold anchor: Rn=-3.6  G=-0.2  rah=64.3  rho=1.1061
  Hot  anchor: Rn=-13.5  G=-2.2  rah=60.7  rho=1.1130
  LE_cold=102.6  H_cold=-105.9 W/m²
  LE_hot=4.8   H_hot=-16.2 W/m²
    Iter  1: dT_hot=-1.3913 K  rah_hot=96.254 s/m  a=1.74986  b=-534.110
    Iter  2: dT_hot=-1.6035 K  rah_hot=110.934 s/m  a=1.73375  b=-529.419
    Iter  3: dT_hot=-1.7173 K  rah_hot=118.802 s/m  a=1.72512  b=-526.905
    Iter  4: dT_hot=-1.7809 K  rah_hot=123.203 s/m  a=1.72029  b=-525.499
    Iter  5: dT_hot=-1.8174 K  rah_hot=125.728 s/m  a=1.71752  b=-524.692
    Iter  6: dT_hot=-1.8386 K  rah_hot=127.196 s/m  a=1.71591  b=-524.223
    Iter  7: dT_hot=-1.8510 K  rah_hot=128.056 s/m  a=1.71497  b=-523.948
    Iter  8: dT_hot=-1.8583 K  rah_hot=128.562 s/m  a=1.71441  b=-523.786
    Iter  9: dT_hot=-1.8627 K  rah_hot=128.860 s/m  a=1.71408  b=-523.691
    Iter 10: dT_hot=-1.8652 K  rah_hot=129.036 s/m  a=1.71389  b=-523.635
    Iter 11: dT_hot=-1.8667 K  rah_hot=129.140 s/m  a=1.71378  b=-523.601
    Iter 12: dT_hot=-1.8676 K  rah_hot=129.202 s/m  a=1.71371  b=-523.582
    ✅ Converged at iter 12
    a=0.3993 b=-122.43
    Rn=2 G=-0 H=-1 W/m²
    LE=3 W/m²  ETr≈0.143 ETo≈0.100 mm/hr
    ETrF(tile mean)=0.205
    Crad(tile mean)=1.007

  ETrF nuqtalar: 2 ta  |  interpolatsiya: article
    Mar 12 → ETrF=0.170  Crad=1.006
    Mar 20 → ETrF=0.205  Crad=1.007
  2026-03-01  ETrF=0.109  ETr=2.38  Crad=1.006  ET=0.26 mm  
  2026-03-02  ETrF=0.109  ETr=1.33  Crad=1.006  ET=0.15 mm  
  2026-03-03  ETrF=0.109  ETr=1.16  Crad=1.006  ET=0.13 mm  
  2026-03-04  ETrF=0.109  ETr=1.25  Crad=1.006  ET=0.14 mm  
  2026-03-05  ETrF=0.109  ETr=0.59  Crad=1.006  ET=0.06 mm  
  2026-03-06  ETrF=0.109  ETr=1.97  Crad=1.006  ET=0.22 mm  
  2026-03-07  ETrF=0.109  ETr=1.95  Crad=1.006  ET=0.21 mm  
  2026-03-08  ETrF=0.109  ETr=2.65  Crad=1.006  ET=0.29 mm  
  2026-03-09  ETrF=0.109  ETr=1.29  Crad=1.006  ET=0.14 mm  
  2026-03-10  ETrF=0.109  ETr=1.68  Crad=1.006  ET=0.18 mm  
  2026-03-11  ETrF=0.109  ETr=2.36  Crad=1.006  ET=0.26 mm  
  2026-03-12  ETrF=0.109  ETr=2.54  Crad=1.006  ET=0.28 mm  ◄
  2026-03-13  ETrF=0.139  ETr=2.81  Crad=1.006  ET=0.39 mm  
  2026-03-14  ETrF=0.139  ETr=1.88  Crad=1.006  ET=0.26 mm  
  2026-03-15  ETrF=0.139  ETr=1.82  Crad=1.006  ET=0.25 mm  
  2026-03-16  ETrF=0.139  ETr=2.63  Crad=1.006  ET=0.37 mm  
  2026-03-17  ETrF=0.139  ETr=2.89  Crad=1.007  ET=0.40 mm  
  2026-03-18  ETrF=0.139  ETr=2.21  Crad=1.007  ET=0.31 mm  
  2026-03-19  ETrF=0.139  ETr=2.33  Crad=1.007  ET=0.33 mm  
  2026-03-20  ETrF=0.169  ETr=2.76  Crad=1.007  ET=0.47 mm  ◄
  2026-03-21  ETrF=0.169  ETr=3.13  Crad=1.007  ET=0.53 mm  
  2026-03-22  ETrF=0.169  ETr=3.14  Crad=1.007  ET=0.53 mm  
  2026-03-23  ETrF=0.169  ETr=3.12  Crad=1.007  ET=0.53 mm  
  2026-03-24  ETrF=0.169  ETr=5.14  Crad=1.007  ET=0.87 mm  
  2026-03-25  ETrF=0.169  ETr=5.36  Crad=1.007  ET=0.91 mm  
  2026-03-26  ETrF=0.169  ETr=4.03  Crad=1.007  ET=0.68 mm  
  2026-03-27  ETrF=0.169  ETr=5.29  Crad=1.007  ET=0.90 mm  
  2026-03-28  ETrF=0.169  ETr=2.84  Crad=1.007  ET=0.48 mm  
  2026-03-29  ETrF=0.169  ETr=3.41  Crad=1.007  ET=0.58 mm  
  2026-03-30  ETrF=0.169  ETr=3.89  Crad=1.007  ET=0.66 mm  
  2026-03-31  ETrF=0.169  ETr=4.73  Crad=1.007  ET=0.80 mm  

  ET oylik mean=5.9 mm  (interpolatsiya: article)

  ✅  ET=5.9 mm  |  2 tasvir  |  17.8 daq
  Lokal: D:\Cloud_comp\METRC\metric_gee_v2.1\outputs\2026-03_P156_R032
  📤 Drive: METRIC_Samarqand_2026/METRIC_monthly_ET_2026-03_P156_R032  [READY]

[2/9]  METRIC_monthly_ET_2026-04_P156_R032

────────────────────────────────────────────────────────────
  METRIC_monthly_ET_2026-04_P156_R032
  Sana: 2026-04-01  →  2026-04-30
  Albedo: avg3  |  Scale: 30m
────────────────────────────────────────────────────────────
  Bbox: lon=[64.98, 67.61]  lat=[39.33, 41.33]
  WRS filter: Path=156 Row=32
Topilgan tasvirlar: 2
    ✅ Cloud precheck OK: 4.6% (cropland, limit=20%)
  2026-04-13: 2423423 pixels ✅
    ✅ Cloud precheck OK: 3.0% (cropland, limit=20%)
  2026-04-29: 2385387 pixels ✅

  --- 2026-04-13 ---
  ┌─ BAND DIAGNOSTIKA ─────────────────────────────────────────
    [Landsat SR (surface reflectance, 0-1)]
      B_BLUE                min=   0.0010  mean=   0.0740  max=   0.5230
      B_GREEN               min=   0.0010  mean=   0.1167  max=   0.5476
      B_RED                 min=   0.0010  mean=   0.1265  max=   0.5957
      B_NIR                 min=   0.0010  mean=   0.2717  max=   0.6814
      B_SWIR1               min=   0.0010  mean=   0.2468  max=   0.9648
      B_SWIR2               min=   0.0016  mean=   0.1941  max=   1.0000
    [Landsat Ts raw (K, birinchi qadam)]
      B_THERMAL             min= 274.8207  mean= 305.8191  max= 321.8424
    [Vegetation: NDVI (-1..1)]
      NDVI                  min=  -0.9723  mean=   0.3162  max=   0.9906
    [Vegetation: SAVI]
      SAVI                  min=  -0.4906  mean=   0.3032  max=   0.8690
    [Vegetation: LAI (m²/m²)]
      LAI                   min=   0.0000  mean=   0.6048  max=   6.0000
    [Albedo (0..0.4)]
      albedo                min=   0.0108  mean=   0.1698  max=   0.5212
    [Ts — actual (K)]
      Ts                    min= 274.8207  mean= 305.8191  max= 321.8424
    [TsDEM — lapse corrected (K)]
      TsDEM                 min= 271.6658  mean= 306.0721  max= 323.3360
    [Emissivity e0 (0.95..0.99)]
      e0                    min=   0.9500  mean=   0.9578  max=   0.9850
    [Rn — net radiation (W/m²)]
      Rn                    min=-106.1088  mean=  54.7909  max= 620.6868
    [G  — soil heat flux (W/m²)]
      G                     min= -41.3562  mean=  10.4623  max= 112.9102
    [u200 — wind 200m (m/s)]
      u200                  min=   2.0000  mean=   4.4144  max=   7.0745
    [zom  — roughness (m)]
      zom                   min=   0.0050  mean=   0.0128  max=   0.1512
    [u*   — friction vel (m/s)]
      u_star                min=   0.0774  mean=   0.1949  max=   0.3283
    [rah  — aero resist (s/m) ← KEY!]
      rah                   min=  22.2585  mean=  38.9739  max=  94.4220
    [rho  — air density (kg/m³)]
      rho_air               min=   0.8921  mean=   1.0753  max=   1.2251
    [ERA5 hourly — o'rtacha]
      T2m (K)                 294.5775
      Td  (K)                 281.8249
      WS10 (m/s)              2.9367
      P (kPa)                 95.0949
      ea (kPa)                1.1324
  └────────────────────────────────────────────────────────────
  P₆₀=1795.2 mm  ETr₆₀=263.4 mm
  Cold LC: [40]   Hot LC: [60, 50]
  F.7 α_limit=0.1914  (β=54.0°)
  F.8 Tfac=0.00 K  (P₆₀=1795.2 mm  ETr₆₀=263.4 mm  P/ETr=6.816)
  L1-CIMEC: cold=737  hot=165
  ✅ Anchor tanlandi: L1-CIMEC
  Anchor plan: L1-CIMEC
  Cold: Ts=297.20 K  NDVI=0.888
  Hot:  Ts_phys=315.82 K  Tfac=0.00 K  Ts_corr=315.82 K  NDVI=0.121
  F.4b ETrFcold = 1.05  (NDVI₁=0.888 ≥ 0.75)
  F.5/F.6 fc=0.000  ETrFhot=0.050  (NDVIhot=0.121  ETrFbare=0.05)
  Cold anchor: Rn=60.2  G=3.8  rah=40.7  rho=1.0984
  Hot  anchor: Rn=31.0  G=7.3  rah=31.4  rho=1.0774
  LE_cold=207.0  H_cold=-150.6 W/m²
  LE_hot=9.7   H_hot=14.0 W/m²
    Iter  1: dT_hot=0.3197 K  rah_hot=24.680 s/m  a=0.80300  b=-253.284
    Iter  2: dT_hot=0.3372 K  rah_hot=26.031 s/m  a=1.23366  b=-389.280
    Iter  3: dT_hot=0.3334 K  rah_hot=25.739 s/m  a=1.23357  b=-389.255
    Iter  4: dT_hot=0.3341 K  rah_hot=25.794 s/m  a=1.23361  b=-389.267
    ✅ Converged at iter 4
    a=0.3201 b=-100.70
    Rn=55 G=10 H=-38 W/m²
    LE=82 W/m²  ETr≈0.290 ETo≈0.208 mm/hr
    ETrF(tile mean)=0.430
    Crad(tile mean)=1.007

  --- 2026-04-29 ---
  ┌─ BAND DIAGNOSTIKA ─────────────────────────────────────────
    [Landsat SR (surface reflectance, 0-1)]
      B_BLUE                min=   0.0010  mean=   0.0815  max=   0.6692
      B_GREEN               min=   0.0074  mean=   0.1291  max=   0.7737
      B_RED                 min=   0.0010  mean=   0.1431  max=   0.7640
      B_NIR                 min=   0.0010  mean=   0.2941  max=   0.8327
      B_SWIR1               min=   0.0016  mean=   0.2566  max=   1.0000
      B_SWIR2               min=   0.0023  mean=   0.2040  max=   1.0000
    [Landsat Ts raw (K, birinchi qadam)]
      B_THERMAL             min= 275.4736  mean= 307.0309  max= 326.1799
    [Vegetation: NDVI (-1..1)]
      NDVI                  min=  -0.9704  mean=   0.3402  max=   0.9060
    [Vegetation: SAVI]
      SAVI                  min=  -0.4300  mean=   0.3039  max=   0.8456
    [Vegetation: LAI (m²/m²)]
      LAI                   min=   0.0000  mean=   0.5781  max=   6.0000
    [Albedo (0..0.4)]
      albedo                min=   0.0119  mean=   0.1824  max=   0.7263
    [Ts — actual (K)]
      Ts                    min= 275.4736  mean= 307.0309  max= 326.1799
    [TsDEM — lapse corrected (K)]
      TsDEM                 min= 273.0971  mean= 307.1068  max= 328.1350
    [Emissivity e0 (0.95..0.99)]
      e0                    min=   0.9500  mean=   0.9559  max=   0.9850
    [Rn — net radiation (W/m²)]
      Rn                    min=-112.8230  mean=  74.5558  max= 601.5055
    [G  — soil heat flux (W/m²)]
      G                     min= -24.7409  mean=  12.3542  max= 108.4961
    [u200 — wind 200m (m/s)]
      u200                  min=   2.0000  mean=   2.7175  max=   6.8240
    [zom  — roughness (m)]
      zom                   min=   0.0050  mean=   0.0125  max=   0.1592
    [u*   — friction vel (m/s)]
      u_star                min=   0.0774  mean=   0.1123  max=   0.3348
    [rah  — aero resist (s/m) ← KEY!]
      rah                   min=  21.8236  mean=  70.9805  max=  94.4220
    [rho  — air density (kg/m³)]
      rho_air               min=   0.9019  mean=   1.0678  max=   1.2356
    [ERA5 hourly — o'rtacha]
      T2m (K)                 298.3364
      Td  (K)                 283.8080
      WS10 (m/s)              1.6328
      P (kPa)                 95.0365
      ea (kPa)                1.3026
  └────────────────────────────────────────────────────────────
  P₆₀=1812.2 mm  ETr₆₀=324.8 mm
  Cold LC: [40]   Hot LC: [60, 50]
  F.7 α_limit=0.1874  (β=59.1°)
  F.8 Tfac=0.00 K  (P₆₀=1812.2 mm  ETr₆₀=324.8 mm  P/ETr=5.579)
  L1-CIMEC: cold=304  hot=150
  ✅ Anchor tanlandi: L1-CIMEC
  Anchor plan: L1-CIMEC
  Cold: Ts=297.72 K  NDVI=0.842
  Hot:  Ts_phys=315.76 K  Tfac=0.00 K  Ts_corr=315.76 K  NDVI=0.112
  F.4b ETrFcold = 1.05  (NDVI₁=0.842 ≥ 0.75)
  F.5/F.6 fc=0.000  ETrFhot=0.050  (NDVIhot=0.112  ETrFbare=0.05)
  Cold anchor: Rn=88.3  G=7.7  rah=69.3  rho=1.0986
  Hot  anchor: Rn=62.7  G=12.8  rah=54.9  rho=1.0586
  LE_cold=196.7  H_cold=-116.1 W/m²
  LE_hot=9.2   H_hot=40.7 W/m²
    Iter  1: dT_hot=0.8489 K  rah_hot=22.158 s/m  a=1.67429  b=-527.833
    Iter  2: dT_hot=1.2677 K  rah_hot=33.091 s/m  a=1.69750  b=-534.743
    Iter  3: dT_hot=1.1318 K  rah_hot=29.543 s/m  a=1.68997  b=-532.501
    Iter  4: dT_hot=1.1737 K  rah_hot=30.637 s/m  a=1.69229  b=-533.192
    Iter  5: dT_hot=1.1606 K  rah_hot=30.296 s/m  a=1.69157  b=-532.977
    Iter  6: dT_hot=1.1647 K  rah_hot=30.402 s/m  a=1.69179  b=-533.043
    Iter  7: dT_hot=1.1634 K  rah_hot=30.369 s/m  a=1.69172  b=-533.023
    ✅ Converged at iter 7
    a=0.5207 b=-162.32
    Rn=75 G=12 H=-35 W/m²
    LE=97 W/m²  ETr≈0.276 ETo≈0.214 mm/hr
    ETrF(tile mean)=0.530
    Crad(tile mean)=1.007

  ETrF nuqtalar: 2 ta  |  interpolatsiya: article
    Apr 13 → ETrF=0.430  Crad=1.007
    Apr 29 → ETrF=0.530  Crad=1.007
  2026-04-01  ETrF=0.437  ETr=4.32  Crad=1.007  ET=1.90 mm  
  2026-04-02  ETrF=0.437  ETr=3.16  Crad=1.007  ET=1.39 mm  
  2026-04-03  ETrF=0.437  ETr=1.54  Crad=1.007  ET=0.68 mm  
  2026-04-04  ETrF=0.437  ETr=2.22  Crad=1.007  ET=0.98 mm  
  2026-04-05  ETrF=0.437  ETr=3.97  Crad=1.007  ET=1.75 mm  
  2026-04-06  ETrF=0.437  ETr=2.35  Crad=1.007  ET=1.04 mm  
  2026-04-07  ETrF=0.437  ETr=1.65  Crad=1.007  ET=0.73 mm  
  2026-04-08  ETrF=0.437  ETr=3.03  Crad=1.007  ET=1.34 mm  
  2026-04-09  ETrF=0.437  ETr=3.62  Crad=1.007  ET=1.59 mm  
  2026-04-10  ETrF=0.437  ETr=3.74  Crad=1.007  ET=1.65 mm  
  2026-04-11  ETrF=0.437  ETr=4.04  Crad=1.007  ET=1.78 mm  
  2026-04-12  ETrF=0.437  ETr=4.45  Crad=1.007  ET=1.96 mm  
  2026-04-13  ETrF=0.437  ETr=5.21  Crad=1.007  ET=2.29 mm  ◄
  2026-04-14  ETrF=0.487  ETr=4.44  Crad=1.007  ET=2.17 mm  
  2026-04-15  ETrF=0.487  ETr=3.99  Crad=1.007  ET=1.95 mm  
  2026-04-16  ETrF=0.487  ETr=4.79  Crad=1.007  ET=2.35 mm  
  2026-04-17  ETrF=0.487  ETr=2.77  Crad=1.007  ET=1.36 mm  
  2026-04-18  ETrF=0.487  ETr=3.40  Crad=1.007  ET=1.67 mm  
  2026-04-19  ETrF=0.487  ETr=4.59  Crad=1.007  ET=2.25 mm  
  2026-04-20  ETrF=0.487  ETr=6.04  Crad=1.007  ET=2.96 mm  
  2026-04-21  ETrF=0.487  ETr=4.35  Crad=1.007  ET=2.13 mm  
  2026-04-22  ETrF=0.487  ETr=2.26  Crad=1.007  ET=1.11 mm  
  2026-04-23  ETrF=0.487  ETr=3.48  Crad=1.007  ET=1.71 mm  
  2026-04-24  ETrF=0.487  ETr=5.11  Crad=1.007  ET=2.51 mm  
  2026-04-25  ETrF=0.487  ETr=6.57  Crad=1.007  ET=3.22 mm  
  2026-04-26  ETrF=0.487  ETr=5.40  Crad=1.007  ET=2.65 mm  
  2026-04-27  ETrF=0.487  ETr=6.43  Crad=1.007  ET=3.15 mm  
  2026-04-28  ETrF=0.487  ETr=5.85  Crad=1.007  ET=2.87 mm  
  2026-04-29  ETrF=0.536  ETr=5.76  Crad=1.007  ET=3.11 mm  ◄
  2026-04-30  ETrF=0.536  ETr=5.29  Crad=1.007  ET=2.86 mm  

  ET oylik mean=58.8 mm  (interpolatsiya: article)

  ✅  ET=58.8 mm  |  2 tasvir  |  14.4 daq
  Lokal: D:\Cloud_comp\METRC\metric_gee_v2.1\outputs\2026-04_P156_R032
  📤 Drive: METRIC_Samarqand_2026/METRIC_monthly_ET_2026-04_P156_R032  [READY]

[3/9]  METRIC_monthly_ET_2026-05_P156_R032

────────────────────────────────────────────────────────────
  METRIC_monthly_ET_2026-05_P156_R032
  Sana: 2026-05-01  →  2026-05-31
  Albedo: avg3  |  Scale: 30m
────────────────────────────────────────────────────────────
  Bbox: lon=[64.98, 67.61]  lat=[39.33, 41.33]
  WRS filter: Path=156 Row=32
Topilgan tasvirlar: 2
    ⚠️  Cloud precheck FAIL: 77.0% (cropland, limit=20%) → skip
  2026-05-07: 2386822 pixels — cloud precheck fail → skip
    ✅ Cloud precheck OK: 15.4% (cropland, limit=20%)
  2026-05-15: 2424068 pixels ✅

  --- 2026-05-15 ---
  ┌─ BAND DIAGNOSTIKA ─────────────────────────────────────────
    [Landsat SR (surface reflectance, 0-1)]
      B_BLUE                min=   0.0010  mean=   0.0850  max=   0.8016
      B_GREEN               min=   0.0083  mean=   0.1289  max=   0.8984
      B_RED                 min=   0.0010  mean=   0.1487  max=   0.9683
      B_NIR                 min=   0.0010  mean=   0.2690  max=   0.9574
      B_SWIR1               min=   0.0013  mean=   0.2636  max=   1.0000
      B_SWIR2               min=   0.0022  mean=   0.2189  max=   1.0000
    [Landsat Ts raw (K, birinchi qadam)]
      B_THERMAL             min= 267.2840  mean= 312.7140  max= 330.4558
    [Vegetation: NDVI (-1..1)]
      NDVI                  min=  -0.9780  mean=   0.2687  max=   0.9027
    [Vegetation: SAVI]
      SAVI                  min=  -0.6226  mean=   0.2458  max=   0.8523
    [Vegetation: LAI (m²/m²)]
      LAI                   min=   0.0000  mean=   0.3663  max=   6.0000
    [Albedo (0..0.4)]
      albedo                min=   0.0089  mean=   0.1785  max=   0.8324
    [Ts — actual (K)]
      Ts                    min= 267.2840  mean= 312.7140  max= 330.4558
    [TsDEM — lapse corrected (K)]
      TsDEM                 min= 266.4246  mean= 312.9088  max= 332.2355
    [Emissivity e0 (0.95..0.99)]
      e0                    min=   0.9500  mean=   0.9553  max=   0.9850
    [Rn — net radiation (W/m²)]
      Rn                    min=-131.7637  mean=  75.0200  max= 619.1384
    [G  — soil heat flux (W/m²)]
      G                     min= -35.1015  mean=  16.0823  max=  96.5604
    [u200 — wind 200m (m/s)]
      u200                  min=   2.0000  mean=   3.7583  max=   8.0446
    [zom  — roughness (m)]
      zom                   min=   0.0050  mean=   0.0095  max=   0.1658
    [u*   — friction vel (m/s)]
      u_star                min=   0.0774  mean=   0.1618  max=   0.3266
    [rah  — aero resist (s/m) ← KEY!]
      rah                   min=  22.3728  mean=  50.5829  max=  94.4220
    [rho  — air density (kg/m³)]
      rho_air               min=   0.8775  mean=   1.0511  max=   1.2588
    [ERA5 hourly — o'rtacha]
      T2m (K)                 299.3372
      Td  (K)                 281.4646
      WS10 (m/s)              2.4232
      P (kPa)                 94.2669
      ea (kPa)                1.1184
  └────────────────────────────────────────────────────────────
  P₆₀=1541.5 mm  ETr₆₀=422.5 mm
  Cold LC: [40]   Hot LC: [60, 50]
  F.7 α_limit=0.1850  (β=63.0°)
  F.8 Tfac=0.00 K  (P₆₀=1541.5 mm  ETr₆₀=422.5 mm  P/ETr=3.649)
  L1-CIMEC: cold=257  hot=235
  ✅ Anchor tanlandi: L1-CIMEC
  Anchor plan: L1-CIMEC
  Cold: Ts=299.69 K  NDVI=0.801
  Hot:  Ts_phys=325.70 K  Tfac=0.00 K  Ts_corr=325.70 K  NDVI=0.111
  F.4b ETrFcold = 1.05  (NDVI₁=0.801 ≥ 0.75)
  F.5/F.6 fc=0.000  ETrFhot=0.050  (NDVIhot=0.111  ETrFbare=0.05)
  Cold anchor: Rn=90.6  G=8.7  rah=36.0  rho=1.1006
  Hot  anchor: Rn=41.6  G=12.0  rah=46.8  rho=1.0404
  LE_cold=253.6  H_cold=-171.8 W/m²
  LE_hot=11.8   H_hot=17.8 W/m²
    Iter  1: dT_hot=0.4891 K  rah_hot=28.695 s/m  a=0.49991  b=-162.333
    Iter  2: dT_hot=0.5810 K  rah_hot=34.087 s/m  a=0.84274  b=-273.901
    Iter  3: dT_hot=0.5609 K  rah_hot=32.911 s/m  a=0.89987  b=-292.528
    Iter  4: dT_hot=0.5662 K  rah_hot=33.219 s/m  a=0.90007  b=-292.589
    Iter  5: dT_hot=0.5649 K  rah_hot=33.144 s/m  a=0.90002  b=-292.574
    ✅ Converged at iter 5
    a=0.2455 b=-79.16
    Rn=75 G=16 H=-43 W/m²
    LE=102 W/m²  ETr≈0.357 ETo≈0.262 mm/hr
    ETrF(tile mean)=0.448
    Crad(tile mean)=1.007

  ETrF nuqtalar: 1 ta  |  interpolatsiya: article
    May 15 → ETrF=0.448  Crad=1.007
  2026-05-01  ETrF=0.456  ETr=4.31  Crad=1.007  ET=1.98 mm  
  2026-05-02  ETrF=0.456  ETr=3.51  Crad=1.007  ET=1.61 mm  
  2026-05-03  ETrF=0.456  ETr=3.34  Crad=1.007  ET=1.53 mm  
  2026-05-04  ETrF=0.456  ETr=3.55  Crad=1.007  ET=1.63 mm  
  2026-05-05  ETrF=0.456  ETr=5.52  Crad=1.007  ET=2.53 mm  
  2026-05-06  ETrF=0.456  ETr=6.56  Crad=1.007  ET=3.01 mm  
  2026-05-07  ETrF=0.456  ETr=7.31  Crad=1.007  ET=3.36 mm  
  2026-05-08  ETrF=0.456  ETr=5.58  Crad=1.007  ET=2.56 mm  
  2026-05-09  ETrF=0.456  ETr=5.48  Crad=1.007  ET=2.52 mm  
  2026-05-10  ETrF=0.456  ETr=3.81  Crad=1.007  ET=1.75 mm  
  2026-05-11  ETrF=0.456  ETr=4.81  Crad=1.007  ET=2.21 mm  
  2026-05-12  ETrF=0.456  ETr=6.84  Crad=1.007  ET=3.14 mm  
  2026-05-13  ETrF=0.456  ETr=7.21  Crad=1.007  ET=3.31 mm  
  2026-05-14  ETrF=0.456  ETr=8.05  Crad=1.007  ET=3.69 mm  
  2026-05-15  ETrF=0.456  ETr=6.47  Crad=1.007  ET=2.97 mm  ◄
  2026-05-16  ETrF=0.456  ETr=5.86  Crad=1.007  ET=2.69 mm  
  2026-05-17  ETrF=0.456  ETr=9.18  Crad=1.007  ET=4.22 mm  
  2026-05-18  ETrF=0.456  ETr=4.34  Crad=1.007  ET=1.99 mm  
  2026-05-19  ETrF=0.456  ETr=5.18  Crad=1.007  ET=2.38 mm  
  2026-05-20  ETrF=0.456  ETr=6.25  Crad=1.007  ET=2.87 mm  
  2026-05-21  ETrF=0.456  ETr=4.12  Crad=1.007  ET=1.89 mm  
  2026-05-22  ETrF=0.456  ETr=4.08  Crad=1.007  ET=1.87 mm  
  2026-05-23  ETrF=0.456  ETr=3.35  Crad=1.007  ET=1.54 mm  
  2026-05-24  ETrF=0.456  ETr=4.01  Crad=1.007  ET=1.84 mm  
  2026-05-25  ETrF=0.456  ETr=6.05  Crad=1.007  ET=2.78 mm  
  2026-05-26  ETrF=0.456  ETr=5.80  Crad=1.007  ET=2.66 mm  
  2026-05-27  ETrF=0.456  ETr=7.10  Crad=1.007  ET=3.26 mm  
  2026-05-28  ETrF=0.456  ETr=5.34  Crad=1.007  ET=2.45 mm  
  2026-05-29  ETrF=0.456  ETr=7.71  Crad=1.007  ET=3.54 mm  
  2026-05-30  ETrF=0.456  ETr=8.23  Crad=1.007  ET=3.78 mm  
  2026-05-31  ETrF=0.456  ETr=6.92  Crad=1.007  ET=3.17 mm  

  ET oylik mean=81.3 mm  (interpolatsiya: article)

  ✅  ET=81.3 mm  |  1 tasvir  |  7.7 daq
  Lokal: D:\Cloud_comp\METRC\metric_gee_v2.1\outputs\2026-05_P156_R032
  📤 Drive: METRIC_Samarqand_2026/METRIC_monthly_ET_2026-05_P156_R032  [READY]

[4/9]  METRIC_monthly_ET_2026-03_P155_R032

────────────────────────────────────────────────────────────
  METRIC_monthly_ET_2026-03_P155_R032
  Sana: 2026-03-01  →  2026-03-31
  Albedo: avg3  |  Scale: 30m
────────────────────────────────────────────────────────────
  Bbox: lon=[65.37, 67.96]  lat=[39.33, 41.33]
  WRS filter: Path=155 Row=32
Topilgan tasvirlar: 2
    ✅ Cloud precheck OK: 0.8% (cropland, limit=20%)
  2026-03-13: 2423712 pixels ✅
    ⚠️  Cloud precheck FAIL: 85.0% (cropland, limit=20%) → skip
  2026-03-21: 2409162 pixels — cloud precheck fail → skip

  --- 2026-03-13 ---
  ┌─ BAND DIAGNOSTIKA ─────────────────────────────────────────
    [Landsat SR (surface reflectance, 0-1)]
      B_BLUE                min=   0.0010  mean=   0.0591  max=   1.0000
      B_GREEN               min=   0.0010  mean=   0.0914  max=   0.9933
      B_RED                 min=   0.0010  mean=   0.0949  max=   1.0000
      B_NIR                 min=   0.0010  mean=   0.2004  max=   0.9554
      B_SWIR1               min=   0.0010  mean=   0.1833  max=   1.0000
      B_SWIR2               min=   0.0010  mean=   0.1377  max=   1.0000
    [Landsat Ts raw (K, birinchi qadam)]
      B_THERMAL             min= 267.5130  mean= 285.9963  max= 298.2991
    [Vegetation: NDVI (-1..1)]
      NDVI                  min=  -0.9800  mean=   0.2575  max=   0.9939
    [Vegetation: SAVI]
      SAVI                  min=  -0.5764  mean=   0.2621  max=   0.8557
    [Vegetation: LAI (m²/m²)]
      LAI                   min=   0.0000  mean=   0.4524  max=   6.0000
    [Albedo (0..0.4)]
      albedo                min=   0.0106  mean=   0.1293  max=   0.7453
    [Ts — actual (K)]
      Ts                    min= 267.5130  mean= 285.9963  max= 298.2991
    [TsDEM — lapse corrected (K)]
      TsDEM                 min= 258.1946  mean= 286.0553  max= 298.8867
    [Emissivity e0 (0.95..0.99)]
      e0                    min=   0.9500  mean=   0.9585  max=   0.9850
    [Rn — net radiation (W/m²)]
      Rn                    min= -73.5465  mean=   3.4481  max= 515.0444
    [G  — soil heat flux (W/m²)]
      G                     min= -32.6534  mean=   0.7013  max= 125.5172
    [u200 — wind 200m (m/s)]
      u200                  min=   2.0000  mean=   3.7089  max=   7.2595
    [zom  — roughness (m)]
      zom                   min=   0.0050  mean=   0.0104  max=   0.1151
    [u*   — friction vel (m/s)]
      u_star                min=   0.0774  mean=   0.1367  max=   0.2565
    [rah  — aero resist (s/m) ← KEY!]
      rah                   min=  28.4861  mean=  58.2268  max=  94.4220
    [rho  — air density (kg/m³)]
      rho_air               min=   0.9309  mean=   1.1431  max=   1.2286
    [ERA5 hourly — o'rtacha]
      T2m (K)                 279.3613
      Td  (K)                 270.2675
      WS10 (m/s)              2.4286
      P (kPa)                 96.1701
      ea (kPa)                0.4970
  └────────────────────────────────────────────────────────────
  P₆₀=2340.8 mm  ETr₆₀=141.6 mm
  Cold LC: [40]   Hot LC: [60, 50]
  F.7 α_limit=0.2051  (β=42.2°)
  F.8 Tfac=0.00 K  (P₆₀=2340.8 mm  ETr₆₀=141.6 mm  P/ETr=16.534)
  L1-CIMEC: cold=96  hot=357
  ✅ Anchor tanlandi: L1-CIMEC
  Anchor plan: L1-CIMEC
  Cold: Ts=283.94 K  NDVI=0.858
  Hot:  Ts_phys=289.81 K  Tfac=0.00 K  Ts_corr=289.81 K  NDVI=0.080
  F.4b ETrFcold = 1.05  (NDVI₁=0.858 ≥ 0.75)
  F.5/F.6 fc=0.000  ETrFhot=0.050  (NDVIhot=0.080  ETrFbare=0.05)
  Cold anchor: Rn=-2.4  G=0.7  rah=50.7  rho=1.1216
  Hot  anchor: Rn=-8.6  G=-0.6  rah=46.5  rho=1.1404
  LE_cold=76.6  H_cold=-79.6 W/m²
  LE_hot=3.6   H_hot=-11.6 W/m²
    Iter  1: dT_hot=-0.5669 K  rah_hot=56.067 s/m  a=1.17838  b=-342.078
    Iter  2: dT_hot=-0.5767 K  rah_hot=57.036 s/m  a=2.17431  b=-630.723
    Iter  3: dT_hot=-0.5731 K  rah_hot=56.681 s/m  a=2.17492  b=-630.897
    Iter  4: dT_hot=-0.5725 K  rah_hot=56.618 s/m  a=2.17503  b=-630.928
    ✅ Converged at iter 4
    a=0.5298 b=-154.02
    Rn=3 G=1 H=1 W/m²
    LE=2 W/m²  ETr≈0.106 ETo≈0.071 mm/hr
    ETrF(tile mean)=0.215
    Crad(tile mean)=1.014

  ETrF nuqtalar: 1 ta  |  interpolatsiya: article
    Mar 13 → ETrF=0.215  Crad=1.014
  2026-03-01  ETrF=0.161  ETr=2.17  Crad=1.014  ET=0.35 mm  
  2026-03-02  ETrF=0.161  ETr=1.27  Crad=1.014  ET=0.21 mm  
  2026-03-03  ETrF=0.161  ETr=1.15  Crad=1.014  ET=0.19 mm  
  2026-03-04  ETrF=0.161  ETr=1.12  Crad=1.014  ET=0.18 mm  
  2026-03-05  ETrF=0.161  ETr=0.51  Crad=1.014  ET=0.08 mm  
  2026-03-06  ETrF=0.161  ETr=1.88  Crad=1.014  ET=0.31 mm  
  2026-03-07  ETrF=0.161  ETr=1.93  Crad=1.014  ET=0.31 mm  
  2026-03-08  ETrF=0.161  ETr=2.50  Crad=1.014  ET=0.41 mm  
  2026-03-09  ETrF=0.161  ETr=1.39  Crad=1.014  ET=0.23 mm  
  2026-03-10  ETrF=0.161  ETr=1.60  Crad=1.014  ET=0.26 mm  
  2026-03-11  ETrF=0.161  ETr=2.16  Crad=1.014  ET=0.35 mm  
  2026-03-12  ETrF=0.161  ETr=2.31  Crad=1.014  ET=0.38 mm  
  2026-03-13  ETrF=0.161  ETr=2.57  Crad=1.014  ET=0.42 mm  ◄
  2026-03-14  ETrF=0.161  ETr=1.77  Crad=1.014  ET=0.29 mm  
  2026-03-15  ETrF=0.161  ETr=1.75  Crad=1.014  ET=0.29 mm  
  2026-03-16  ETrF=0.161  ETr=2.46  Crad=1.014  ET=0.40 mm  
  2026-03-17  ETrF=0.161  ETr=2.72  Crad=1.014  ET=0.44 mm  
  2026-03-18  ETrF=0.161  ETr=2.17  Crad=1.014  ET=0.35 mm  
  2026-03-19  ETrF=0.161  ETr=2.08  Crad=1.014  ET=0.34 mm  
  2026-03-20  ETrF=0.161  ETr=2.58  Crad=1.014  ET=0.42 mm  
  2026-03-21  ETrF=0.161  ETr=2.95  Crad=1.014  ET=0.48 mm  
  2026-03-22  ETrF=0.161  ETr=2.90  Crad=1.014  ET=0.47 mm  
  2026-03-23  ETrF=0.161  ETr=2.93  Crad=1.014  ET=0.48 mm  
  2026-03-24  ETrF=0.161  ETr=4.55  Crad=1.014  ET=0.74 mm  
  2026-03-25  ETrF=0.161  ETr=4.72  Crad=1.014  ET=0.77 mm  
  2026-03-26  ETrF=0.161  ETr=3.60  Crad=1.014  ET=0.59 mm  
  2026-03-27  ETrF=0.161  ETr=4.67  Crad=1.014  ET=0.76 mm  
  2026-03-28  ETrF=0.161  ETr=2.93  Crad=1.014  ET=0.48 mm  
  2026-03-29  ETrF=0.161  ETr=3.17  Crad=1.014  ET=0.52 mm  
  2026-03-30  ETrF=0.161  ETr=3.39  Crad=1.014  ET=0.55 mm  
  2026-03-31  ETrF=0.161  ETr=4.17  Crad=1.014  ET=0.68 mm  

  ET oylik mean=6.3 mm  (interpolatsiya: article)

  ✅  ET=6.3 mm  |  1 tasvir  |  6.7 daq
  Lokal: D:\Cloud_comp\METRC\metric_gee_v2.1\outputs\2026-03_P155_R032
  📤 Drive: METRIC_Samarqand_2026/METRIC_monthly_ET_2026-03_P155_R032  [READY]

[5/9]  METRIC_monthly_ET_2026-04_P155_R032

────────────────────────────────────────────────────────────
  METRIC_monthly_ET_2026-04_P155_R032
  Sana: 2026-04-01  →  2026-04-30
  Albedo: avg3  |  Scale: 30m
────────────────────────────────────────────────────────────
  Bbox: lon=[65.37, 67.96]  lat=[39.33, 41.33]
  WRS filter: Path=155 Row=32
Topilgan tasvirlar: 1
    ✅ Cloud precheck OK: 7.5% (cropland, limit=20%)
  2026-04-14: 2457805 pixels ✅

  --- 2026-04-14 ---
  ┌─ BAND DIAGNOSTIKA ─────────────────────────────────────────
    [Landsat SR (surface reflectance, 0-1)]
      B_BLUE                min=   0.0010  mean=   0.0690  max=   0.5968
      B_GREEN               min=   0.0010  mean=   0.1113  max=   0.6186
      B_RED                 min=   0.0010  mean=   0.1132  max=   0.6108
      B_NIR                 min=   0.0010  mean=   0.2733  max=   0.6705
      B_SWIR1               min=   0.0010  mean=   0.2264  max=   1.0000
      B_SWIR2               min=   0.0027  mean=   0.1717  max=   1.0000
    [Landsat Ts raw (K, birinchi qadam)]
      B_THERMAL             min= 260.5710  mean= 302.7115  max= 318.7833
    [Vegetation: NDVI (-1..1)]
      NDVI                  min=  -0.9719  mean=   0.3718  max=   0.9548
    [Vegetation: SAVI]
      SAVI                  min=  -0.4442  mean=   0.3321  max=   0.8654
    [Vegetation: LAI (m²/m²)]
      LAI                   min=   0.0000  mean=   0.7759  max=   6.0000
    [Albedo (0..0.4)]
      albedo                min=   0.0110  mean=   0.1632  max=   0.6200
    [Ts — actual (K)]
      Ts                    min= 260.5710  mean= 302.7115  max= 318.7833
    [TsDEM — lapse corrected (K)]
      TsDEM                 min= 259.1501  mean= 302.5879  max= 320.7684
    [Emissivity e0 (0.95..0.99)]
      e0                    min=   0.9500  mean=   0.9592  max=   0.9850
    [Rn — net radiation (W/m²)]
      Rn                    min=-108.6571  mean=  68.0176  max= 628.7257
    [G  — soil heat flux (W/m²)]
      G                     min= -23.5680  mean=  10.1554  max= 104.2613
    [u200 — wind 200m (m/s)]
      u200                  min=   2.0000  mean=   3.7886  max=   6.5146
    [zom  — roughness (m)]
      zom                   min=   0.0050  mean=   0.0160  max=   0.1633
    [u*   — friction vel (m/s)]
      u_star                min=   0.0774  mean=   0.1454  max=   0.2669
    [rah  — aero resist (s/m) ← KEY!]
      rah                   min=  27.3763  mean=  54.3775  max=  94.4220
    [rho  — air density (kg/m³)]
      rho_air               min=   0.8936  mean=   1.0768  max=   1.2831
    [ERA5 hourly — o'rtacha]
      T2m (K)                 295.5827
      Td  (K)                 283.1352
      WS10 (m/s)              2.4849
      P (kPa)                 94.5870
      ea (kPa)                1.2435
  └────────────────────────────────────────────────────────────
  P₆₀=1804.3 mm  ETr₆₀=267.0 mm
  Cold LC: [40]   Hot LC: [60, 50]
  F.7 α_limit=0.1911  (β=54.3°)
  F.8 Tfac=0.00 K  (P₆₀=1804.3 mm  ETr₆₀=267.0 mm  P/ETr=6.758)
  L1-CIMEC: cold=805  hot=161
  ✅ Anchor tanlandi: L1-CIMEC
  Anchor plan: L1-CIMEC
  Cold: Ts=296.05 K  NDVI=0.859
  Hot:  Ts_phys=311.64 K  Tfac=0.00 K  Ts_corr=311.64 K  NDVI=0.131
  F.4b ETrFcold = 1.05  (NDVI₁=0.859 ≥ 0.75)
  F.5/F.6 fc=0.000  ETrFhot=0.050  (NDVIhot=0.131  ETrFbare=0.05)
  Cold anchor: Rn=67.5  G=5.4  rah=55.6  rho=1.0902
  Hot  anchor: Rn=63.7  G=12.3  rah=78.5  rho=1.0467
  LE_cold=194.1  H_cold=-132.1 W/m²
  LE_hot=9.1   H_hot=42.4 W/m²
    Iter  1: dT_hot=0.9628 K  rah_hot=23.877 s/m  a=1.73104  b=-538.501
    Iter  2: dT_hot=1.4711 K  rah_hot=36.484 s/m  a=1.88167  b=-584.932
    Iter  3: dT_hot=1.2745 K  rah_hot=31.609 s/m  a=1.86906  b=-581.200
    Iter  4: dT_hot=1.3426 K  rah_hot=33.297 s/m  a=1.87342  b=-582.492
    Iter  5: dT_hot=1.3181 K  rah_hot=32.689 s/m  a=1.87185  b=-582.027
    Iter  6: dT_hot=1.3268 K  rah_hot=32.905 s/m  a=1.87241  b=-582.192
    Iter  7: dT_hot=1.3237 K  rah_hot=32.828 s/m  a=1.87221  b=-582.133
    ✅ Converged at iter 7
    a=0.6331 b=-194.13
    Rn=68 G=10 H=-39 W/m²
    LE=97 W/m²  ETr≈0.272 ETo≈0.201 mm/hr
    ETrF(tile mean)=0.551
    Crad(tile mean)=1.011

  ETrF nuqtalar: 1 ta  |  interpolatsiya: article
    Apr 14 → ETrF=0.551  Crad=1.011
  2026-04-01  ETrF=0.561  ETr=3.97  Crad=1.011  ET=2.25 mm  
  2026-04-02  ETrF=0.561  ETr=3.22  Crad=1.011  ET=1.83 mm  
  2026-04-03  ETrF=0.561  ETr=1.61  Crad=1.011  ET=0.91 mm  
  2026-04-04  ETrF=0.561  ETr=1.96  Crad=1.011  ET=1.11 mm  
  2026-04-05  ETrF=0.561  ETr=3.66  Crad=1.011  ET=2.08 mm  
  2026-04-06  ETrF=0.561  ETr=2.35  Crad=1.011  ET=1.33 mm  
  2026-04-07  ETrF=0.561  ETr=1.43  Crad=1.011  ET=0.81 mm  
  2026-04-08  ETrF=0.561  ETr=2.85  Crad=1.011  ET=1.62 mm  
  2026-04-09  ETrF=0.561  ETr=3.56  Crad=1.011  ET=2.02 mm  
  2026-04-10  ETrF=0.561  ETr=3.57  Crad=1.011  ET=2.02 mm  
  2026-04-11  ETrF=0.561  ETr=3.88  Crad=1.011  ET=2.20 mm  
  2026-04-12  ETrF=0.561  ETr=4.18  Crad=1.011  ET=2.37 mm  
  2026-04-13  ETrF=0.561  ETr=4.83  Crad=1.011  ET=2.74 mm  
  2026-04-14  ETrF=0.561  ETr=4.39  Crad=1.011  ET=2.49 mm  ◄
  2026-04-15  ETrF=0.561  ETr=3.55  Crad=1.011  ET=2.01 mm  
  2026-04-16  ETrF=0.561  ETr=4.48  Crad=1.011  ET=2.54 mm  
  2026-04-17  ETrF=0.561  ETr=2.79  Crad=1.011  ET=1.58 mm  
  2026-04-18  ETrF=0.561  ETr=3.26  Crad=1.011  ET=1.85 mm  
  2026-04-19  ETrF=0.561  ETr=4.22  Crad=1.011  ET=2.39 mm  
  2026-04-20  ETrF=0.561  ETr=5.51  Crad=1.011  ET=3.12 mm  
  2026-04-21  ETrF=0.561  ETr=4.11  Crad=1.011  ET=2.33 mm  
  2026-04-22  ETrF=0.561  ETr=2.25  Crad=1.011  ET=1.28 mm  
  2026-04-23  ETrF=0.561  ETr=3.32  Crad=1.011  ET=1.88 mm  
  2026-04-24  ETrF=0.561  ETr=4.91  Crad=1.011  ET=2.79 mm  
  2026-04-25  ETrF=0.561  ETr=5.90  Crad=1.011  ET=3.35 mm  
  2026-04-26  ETrF=0.561  ETr=4.95  Crad=1.011  ET=2.81 mm  
  2026-04-27  ETrF=0.561  ETr=5.71  Crad=1.011  ET=3.24 mm  
  2026-04-28  ETrF=0.561  ETr=5.30  Crad=1.011  ET=3.01 mm  
  2026-04-29  ETrF=0.561  ETr=5.36  Crad=1.011  ET=3.04 mm  
  2026-04-30  ETrF=0.561  ETr=5.04  Crad=1.011  ET=2.86 mm  

  ET oylik mean=63.3 mm  (interpolatsiya: article)

  ✅  ET=63.3 mm  |  1 tasvir  |  8.1 daq
  Lokal: D:\Cloud_comp\METRC\metric_gee_v2.1\outputs\2026-04_P155_R032
  📤 Drive: METRIC_Samarqand_2026/METRIC_monthly_ET_2026-04_P155_R032  [READY]

[6/9]  METRIC_monthly_ET_2026-05_P155_R032

────────────────────────────────────────────────────────────
  METRIC_monthly_ET_2026-05_P155_R032
  Sana: 2026-05-01  →  2026-05-31
  Albedo: avg3  |  Scale: 30m
────────────────────────────────────────────────────────────
  Bbox: lon=[65.37, 67.96]  lat=[39.33, 41.33]
  WRS filter: Path=155 Row=32
Topilgan tasvirlar: 1
    ✅ Cloud precheck OK: 0.3% (cropland, limit=20%)
  2026-05-16: 2423854 pixels ✅

  --- 2026-05-16 ---
  ┌─ BAND DIAGNOSTIKA ─────────────────────────────────────────
    [Landsat SR (surface reflectance, 0-1)]
      B_BLUE                min=   0.0010  mean=   0.0730  max=   0.9537
      B_GREEN               min=   0.0130  mean=   0.1114  max=   1.0000
      B_RED                 min=   0.0010  mean=   0.1201  max=   1.0000
      B_NIR                 min=   0.0010  mean=   0.2590  max=   1.0000
      B_SWIR1               min=   0.0010  mean=   0.2335  max=   1.0000
      B_SWIR2               min=   0.0025  mean=   0.1814  max=   1.0000
    [Landsat Ts raw (K, birinchi qadam)]
      B_THERMAL             min= 279.0146  mean= 314.6167  max= 336.2665
    [Vegetation: NDVI (-1..1)]
      NDVI                  min=  -0.9746  mean=   0.2791  max=   0.9058
    [Vegetation: SAVI]
      SAVI                  min=  -0.4864  mean=   0.2853  max=   0.8581
    [Vegetation: LAI (m²/m²)]
      LAI                   min=   0.0000  mean=   0.5829  max=   6.0000
    [Albedo (0..0.4)]
      albedo                min=   0.0112  mean=   0.1627  max=   0.8950
    [Ts — actual (K)]
      Ts                    min= 279.0146  mean= 314.6167  max= 336.2665
    [TsDEM — lapse corrected (K)]
      TsDEM                 min= 276.5148  mean= 314.5125  max= 338.2089
    [Emissivity e0 (0.95..0.99)]
      e0                    min=   0.9500  mean=   0.9593  max=   0.9850
    [Rn — net radiation (W/m²)]
      Rn                    min=-165.6419  mean=  75.9982  max= 621.9603
    [G  — soil heat flux (W/m²)]
      G                     min= -42.2528  mean=  18.2608  max= 147.0806
    [u200 — wind 200m (m/s)]
      u200                  min=   2.0000  mean=   2.4256  max=   4.6411
    [zom  — roughness (m)]
      zom                   min=   0.0050  mean=   0.0129  max=   0.1620
    [u*   — friction vel (m/s)]
      u_star                min=   0.0774  mean=   0.0979  max=   0.2479
    [rah  — aero resist (s/m) ← KEY!]
      rah                   min=  29.4778  mean=  79.3695  max=  94.4220
    [rho  — air density (kg/m³)]
      rho_air               min=   0.8654  mean=   1.0367  max=   1.1510
    [ERA5 hourly — o'rtacha]
      T2m (K)                 301.6871
      Td  (K)                 284.5090
      WS10 (m/s)              1.3591
      P (kPa)                 93.8836
      ea (kPa)                1.3905
  └────────────────────────────────────────────────────────────
  P₆₀=1673.0 mm  ETr₆₀=423.2 mm
  Cold LC: [40]   Hot LC: [60, 50]
  F.7 α_limit=0.1849  (β=63.1°)
  F.8 Tfac=0.00 K  (P₆₀=1673.0 mm  ETr₆₀=423.2 mm  P/ETr=3.953)
  L1-CIMEC: cold=1057  hot=139
  ✅ Anchor tanlandi: L1-CIMEC
  Anchor plan: L1-CIMEC
  Cold: Ts=302.61 K  NDVI=0.814
  Hot:  Ts_phys=327.44 K  Tfac=0.00 K  Ts_corr=327.44 K  NDVI=0.137
  F.4b ETrFcold = 1.05  (NDVI₁=0.814 ≥ 0.75)
  F.5/F.6 fc=0.000  ETrFhot=0.050  (NDVIhot=0.137  ETrFbare=0.05)
  Cold anchor: Rn=92.6  G=10.3  rah=69.4  rho=1.0616
  Hot  anchor: Rn=49.5  G=12.7  rah=94.4  rho=1.0346
  LE_cold=204.2  H_cold=-121.8 W/m²
  LE_hot=9.5   H_hot=27.3 W/m²
    Iter  1: dT_hot=0.6980 K  rah_hot=26.526 s/m  a=1.30730  b=-427.371
    Iter  2: dT_hot=1.1986 K  rah_hot=45.554 s/m  a=1.32746  b=-433.470
    Iter  3: dT_hot=0.9969 K  rah_hot=37.886 s/m  a=1.31933  b=-431.012
    Iter  4: dT_hot=1.0676 K  rah_hot=40.574 s/m  a=1.32218  b=-431.874
    Iter  5: dT_hot=1.0417 K  rah_hot=39.590 s/m  a=1.32114  b=-431.558
    Iter  6: dT_hot=1.0510 K  rah_hot=39.944 s/m  a=1.32152  b=-431.672
    Iter  7: dT_hot=1.0477 K  rah_hot=39.816 s/m  a=1.32138  b=-431.631
    Iter  8: dT_hot=1.0489 K  rah_hot=39.862 s/m  a=1.32143  b=-431.646
    ✅ Converged at iter 8
    a=0.4195 b=-134.89
    Rn=76 G=18 H=-39 W/m²
    LE=96 W/m²  ETr≈0.288 ETo≈0.228 mm/hr
    ETrF(tile mean)=0.535
    Crad(tile mean)=1.011

  ETrF nuqtalar: 1 ta  |  interpolatsiya: article
    May 16 → ETrF=0.535  Crad=1.011
  2026-05-01  ETrF=0.546  ETr=4.43  Crad=1.011  ET=2.44 mm  
  2026-05-02  ETrF=0.546  ETr=3.34  Crad=1.011  ET=1.84 mm  
  2026-05-03  ETrF=0.546  ETr=3.16  Crad=1.011  ET=1.74 mm  
  2026-05-04  ETrF=0.546  ETr=3.53  Crad=1.011  ET=1.94 mm  
  2026-05-05  ETrF=0.546  ETr=5.26  Crad=1.011  ET=2.90 mm  
  2026-05-06  ETrF=0.546  ETr=5.96  Crad=1.011  ET=3.29 mm  
  2026-05-07  ETrF=0.546  ETr=6.63  Crad=1.011  ET=3.66 mm  
  2026-05-08  ETrF=0.546  ETr=5.29  Crad=1.011  ET=2.92 mm  
  2026-05-09  ETrF=0.546  ETr=5.19  Crad=1.011  ET=2.86 mm  
  2026-05-10  ETrF=0.546  ETr=3.44  Crad=1.011  ET=1.90 mm  
  2026-05-11  ETrF=0.546  ETr=4.55  Crad=1.011  ET=2.51 mm  
  2026-05-12  ETrF=0.546  ETr=6.21  Crad=1.011  ET=3.42 mm  
  2026-05-13  ETrF=0.546  ETr=6.51  Crad=1.011  ET=3.59 mm  
  2026-05-14  ETrF=0.546  ETr=7.15  Crad=1.011  ET=3.94 mm  
  2026-05-15  ETrF=0.546  ETr=5.95  Crad=1.011  ET=3.28 mm  
  2026-05-16  ETrF=0.546  ETr=5.61  Crad=1.011  ET=3.09 mm  ◄
  2026-05-17  ETrF=0.546  ETr=7.90  Crad=1.011  ET=4.36 mm  
  2026-05-18  ETrF=0.546  ETr=4.17  Crad=1.011  ET=2.30 mm  
  2026-05-19  ETrF=0.546  ETr=4.99  Crad=1.011  ET=2.75 mm  
  2026-05-20  ETrF=0.546  ETr=5.68  Crad=1.011  ET=3.13 mm  
  2026-05-21  ETrF=0.546  ETr=3.76  Crad=1.011  ET=2.07 mm  
  2026-05-22  ETrF=0.546  ETr=3.87  Crad=1.011  ET=2.13 mm  
  2026-05-23  ETrF=0.546  ETr=3.35  Crad=1.011  ET=1.85 mm  
  2026-05-24  ETrF=0.546  ETr=3.81  Crad=1.011  ET=2.10 mm  
  2026-05-25  ETrF=0.546  ETr=5.61  Crad=1.011  ET=3.10 mm  
  2026-05-26  ETrF=0.546  ETr=5.44  Crad=1.011  ET=3.00 mm  
  2026-05-27  ETrF=0.546  ETr=6.61  Crad=1.011  ET=3.65 mm  
  2026-05-28  ETrF=0.546  ETr=5.21  Crad=1.011  ET=2.88 mm  
  2026-05-29  ETrF=0.546  ETr=7.02  Crad=1.011  ET=3.87 mm  
  2026-05-30  ETrF=0.546  ETr=7.33  Crad=1.011  ET=4.04 mm  
  2026-05-31  ETrF=0.546  ETr=6.38  Crad=1.011  ET=3.52 mm  

  ET oylik mean=86.4 mm  (interpolatsiya: article)

  ✅  ET=86.4 mm  |  1 tasvir  |  9.8 daq
  Lokal: D:\Cloud_comp\METRC\metric_gee_v2.1\outputs\2026-05_P155_R032
  📤 Drive: METRIC_Samarqand_2026/METRIC_monthly_ET_2026-05_P155_R032  [READY]
  ⏩ METRIC_monthly_ET_2026-03_P155_R033 — mavjud, o'tkazildi
  ⏩ METRIC_monthly_ET_2026-04_P155_R033 — mavjud, o'tkazildi
  ⏩ METRIC_monthly_ET_2026-05_P155_R033 — mavjud, o'tkazildi

============================================================
BATCH YAKUNLANDI  |  20260622_165244
  Jami:             9
  ✅ Muvaffaqiyatli: 6
  ⏩ O'tkazilgan:    3
  ❌ Xatolik:        0
  Log: D:\Cloud_comp\METRC\metric_gee_v2.1\outputs\batch_20260622_165244.log
============================================================

  Natijalar:
    METRIC_monthly_ET_2026-03_P156_R032                 ET=   5.9 mm  n=2
    METRIC_monthly_ET_2026-04_P156_R032                 ET=  58.8 mm  n=2
    METRIC_monthly_ET_2026-05_P156_R032                 ET=  81.3 mm  n=1
    METRIC_monthly_ET_2026-03_P155_R032                 ET=   6.3 mm  n=1
    METRIC_monthly_ET_2026-04_P155_R032                 ET=  63.3 mm  n=1
    METRIC_monthly_ET_2026-05_P155_R032                 ET=  86.4 mm  n=1
  Batch summary: D:\Cloud_comp\METRC\metric_gee_v2.1\outputs\batch_20260622_165244_summary.json
