============================================================
METRIC-GEE Batch  |  20260624_161612
Tillar: [(152, 32), (153, 32)]
Oylar:  [(2026, 3), (2026, 4), (2026, 5)]
Jami:   6 ta kombinatsiya
============================================================
GEE initialized

  ⏩ METRIC_monthly_ET_2026-03_P152_R032 — mavjud, o'tkazildi
  ⏩ METRIC_monthly_ET_2026-04_P152_R032 — mavjud, o'tkazildi
  ⏩ METRIC_monthly_ET_2026-05_P152_R032 — mavjud, o'tkazildi

[1/3]  METRIC_monthly_ET_2026-03_P153_R032

────────────────────────────────────────────────────────────
  METRIC_monthly_ET_2026-03_P153_R032
  Sana: 2026-03-01  →  2026-03-31
  Albedo: avg3  |  Scale: 30m
────────────────────────────────────────────────────────────
  Bbox: lon=[69.65, 72.24]  lat=[39.33, 41.33]
  WRS filter: Path=153 Row=32
Topilgan tasvirlar: 1
    ⚠️  Cloud precheck FAIL: 66.6% (cropland, limit=20%) → skip
  2026-03-07: 2373135 pixels — cloud precheck fail → skip

  ❌ XATO: Tasvir topilmadi
  ⏩ METRIC_monthly_ET_2026-04_P153_R032 — mavjud, o'tkazildi
  ⏩ METRIC_monthly_ET_2026-05_P153_R032 — mavjud, o'tkazildi

============================================================
BATCH YAKUNLANDI  |  20260624_161612
  Jami:             6
  ✅ Muvaffaqiyatli: 0
  ⏩ O'tkazilgan:    5
  ❌ Xatolik:        1
  Log: D:\Cloud_comp\METRC\metric_gee_v2.1\outputs\batch_20260624_161612.log
============================================================
  Batch summary: D:\Cloud_comp\METRC\metric_gee_v2.1\outputs\batch_20260624_161612_summary.json
